// Jest Snapshot v1, https://goo.gl/fbAQLP

exports[`integration getByHeight returns a result that matches snapshot 1`] = `
Object {
  "account": Object {
    "feeFrozen": "2687821176754",
    "free": "102614205376756",
    "miscFrozen": "102586091137900",
    "nonce": 60,
    "referendumCount": 3,
    "reserved": "0",
  },
}
`;

exports[`integration getIdentity returns a result that matches snapshot 1`] = `
Object {
  "identity": Object {
    "deposit": "202580000000",
    "displayName": "polkaworld",
    "emailName": "xiaojie.pang@fxhashbang.com",
    "legalName": "PolkaWorld",
    "riotName": "@polkaworld:matrix.org",
    "twitterName": "@polkaworld_org",
    "webName": "https://www.polkaworld.org/",
  },
}
`;
