// Jest Snapshot v1, https://goo.gl/fbAQLP

exports[`integration getByHeight returns a result that matches snapshot 1`] = `
Object {
  "account": Object {
    "feeFrozen": "2687821176754",
    "free": "79479268376756",
    "miscFrozen": "78099142135120",
    "nonce": 110,
    "reserved": "1000000000000",
  },
}
`;

exports[`integration getIdentity returns a result that matches snapshot 1`] = `
Object {
  "identity": Object {
    "deposit": "202580000000",
    "displayName": "polkaworld",
    "emailName": "xiaojie@polkaworld.org",
    "riotName": "@polkaworld:matrix.org",
    "twitterName": "@polkaworld_org",
  },
}
`;
