// Jest Snapshot v1, https://goo.gl/fbAQLP

exports[`integration getByHeight returns a result that matches snapshot 1`] = `
Object {
  "block": Object {
    "blockHash": "0x676ff6b95ca5331c1b347511a98130eba8cdd8021081d25a975b319a2a6ba117",
    "extrinsics": Array [
      Object {
        "args": "1602583182026",
        "callArgs": Array [],
        "events": Array [
          Object {
            "data": Array [
              Object {
                "name": "DispatchInfo",
                "value": "{\\"weight\\":159133000,\\"class\\":\\"Mandatory\\",\\"paysFee\\":\\"Yes\\"}",
              },
            ],
            "description": "[ An extrinsic completed successfully. \\\\[info\\\\]]",
            "extrinsicIndex": 0,
            "index": 0,
            "method": "ExtrinsicSuccess",
            "phase": "applyExtrinsic",
            "section": "system",
          },
        ],
        "extrinsicIndex": 0,
        "hash": "0xfcdde1d7bee4f932819428de5458dad2e2be1a47d098492f40e72b161cf1165b",
        "isSignedTransaction": false,
        "isSuccess": true,
        "method": "set",
        "nonce": 0,
        "partialFee": undefined,
        "raw": "{\\"isSigned\\":false,\\"method\\":{\\"args\\":[\\"1,602,583,182,026\\"],\\"method\\":\\"set\\",\\"section\\":\\"timestamp\\"}}",
        "section": "timestamp",
        "signature": "0x00000000000000000000000000000000000000000000000000000000000000000000000000000000000000000000000000000000000000000000000000000000",
        "signer": "111111111111111111111111111111111HC1",
        "time": 1602583182.026,
        "tip": 0,
      },
      Object {
        "args": "13myyNpFTbmaDPh59EaBpQ4efodWk3GKKq5edK72dC9puFmH,10000000000",
        "callArgs": Array [],
        "events": Array [
          Object {
            "data": Array [
              Object {
                "name": "AccountId",
                "value": "13myyNpFTbmaDPh59EaBpQ4efodWk3GKKq5edK72dC9puFmH",
              },
            ],
            "description": "[ A new \\\\[account\\\\] was created.]",
            "extrinsicIndex": 1,
            "index": 0,
            "method": "NewAccount",
            "phase": "applyExtrinsic",
            "section": "system",
          },
          Object {
            "data": Array [
              Object {
                "name": "AccountId",
                "value": "13myyNpFTbmaDPh59EaBpQ4efodWk3GKKq5edK72dC9puFmH",
              },
              Object {
                "name": "Balance",
                "value": "10000000000",
              },
            ],
            "description": "[ An account was created with some free balance. \\\\[account, free_balance\\\\]]",
            "extrinsicIndex": 1,
            "index": 1,
            "method": "Endowed",
            "phase": "applyExtrinsic",
            "section": "balances",
          },
          Object {
            "data": Array [
              Object {
                "name": "AccountId",
                "value": "14bC1hoCjkorMX6Ztv2rdezfafvo5aMkAcKf2PG3ZT7sr8yd",
              },
              Object {
                "name": "AccountId",
                "value": "13myyNpFTbmaDPh59EaBpQ4efodWk3GKKq5edK72dC9puFmH",
              },
              Object {
                "name": "Balance",
                "value": "10000000000",
              },
            ],
            "description": "[ Transfer succeeded. \\\\[from, to, value\\\\]]",
            "extrinsicIndex": 1,
            "index": 2,
            "method": "Transfer",
            "phase": "applyExtrinsic",
            "section": "balances",
          },
          Object {
            "data": Array [
              Object {
                "name": "Balance",
                "value": "123200000",
              },
            ],
            "description": "[ Some funds have been deposited. \\\\[deposit\\\\]]",
            "extrinsicIndex": 1,
            "index": 3,
            "method": "Deposit",
            "phase": "applyExtrinsic",
            "section": "treasury",
          },
          Object {
            "data": Array [
              Object {
                "name": "AccountId",
                "value": "1nTfEEWASm1x6D16FPLLjPFC42Fb7Q5zLovrxQpPQe6j86s",
              },
              Object {
                "name": "Balance",
                "value": "30800000",
              },
            ],
            "description": "[ Some amount was deposited (e.g. for transaction fees). \\\\[who, deposit\\\\]]",
            "extrinsicIndex": 1,
            "index": 4,
            "method": "Deposit",
            "phase": "applyExtrinsic",
            "section": "balances",
          },
          Object {
            "data": Array [
              Object {
                "name": "DispatchInfo",
                "value": "{\\"weight\\":190949000,\\"class\\":\\"Normal\\",\\"paysFee\\":\\"Yes\\"}",
              },
            ],
            "description": "[ An extrinsic completed successfully. \\\\[info\\\\]]",
            "extrinsicIndex": 1,
            "index": 5,
            "method": "ExtrinsicSuccess",
            "phase": "applyExtrinsic",
            "section": "system",
          },
        ],
        "extrinsicIndex": 1,
        "hash": "0x5c0e80118e6558b333a744913b237e95e92b97db03dd5fbc3640bd566d3f94b1",
        "isSignedTransaction": true,
        "isSuccess": true,
        "method": "transfer",
        "nonce": 39,
        "partialFee": "154000000",
        "raw": "{\\"isSigned\\":true,\\"method\\":{\\"args\\":[\\"13myyNpFTbmaDPh59EaBpQ4efodWk3GKKq5edK72dC9puFmH\\",\\"10.0000 mDOT (old)\\"],\\"method\\":\\"transfer\\",\\"section\\":\\"balances\\"},\\"era\\":{\\"MortalEra\\":{\\"period\\":\\"64\\",\\"phase\\":\\"22\\"}},\\"nonce\\":\\"39\\",\\"signature\\":\\"0xba1f6a4467b30052428e882a9eaec5f76ef89d1a3cd8915fa5a2c9d901e8af59a887921d1e7f0d7e6a52f24da70f89f486fd160237f5b46b165fd1007d194b8f\\",\\"signer\\":\\"14bC1hoCjkorMX6Ztv2rdezfafvo5aMkAcKf2PG3ZT7sr8yd\\",\\"tip\\":\\"0\\"}",
        "section": "balances",
        "signature": "0xba1f6a4467b30052428e882a9eaec5f76ef89d1a3cd8915fa5a2c9d901e8af59a887921d1e7f0d7e6a52f24da70f89f486fd160237f5b46b165fd1007d194b8f",
        "signer": "14bC1hoCjkorMX6Ztv2rdezfafvo5aMkAcKf2PG3ZT7sr8yd",
        "time": 1602583182.026,
        "tip": 0,
      },
      Object {
        "args": "[{\\"callIndex\\":\\"0x0700\\",\\"args\\":{\\"controller\\":\\"13Dr9u4sxkCgsNnStVmuuJAwrNw3yHHb9TfwAKVLkKjp8H47\\",\\"value\\":20000000000000,\\"payee\\":{\\"Staked\\":null}}}, {\\"callIndex\\":\\"0x0705\\",\\"args\\":{\\"targets\\":[\\"1REAJ1k691g5Eqqg9gL7vvZCBG7FCCZ8zgQkZWd4va5ESih\\",\\"15oKi7HoBQbwwdQc47k71q4sJJWnu5opn1pqoGx4NAEYZSHs\\"]}}]",
        "callArgs": Array [
          Object {
            "method": "bond",
            "section": "staking",
            "value": "13Dr9u4sxkCgsNnStVmuuJAwrNw3yHHb9TfwAKVLkKjp8H47,20000000000000,Staked",
          },
          Object {
            "method": "nominate",
            "section": "staking",
            "value": "[1REAJ1k691g5Eqqg9gL7vvZCBG7FCCZ8zgQkZWd4va5ESih, 15oKi7HoBQbwwdQc47k71q4sJJWnu5opn1pqoGx4NAEYZSHs]",
          },
        ],
        "events": Array [
          Object {
            "data": Array [
              Object {
                "name": "AccountId",
                "value": "13Dr9u4sxkCgsNnStVmuuJAwrNw3yHHb9TfwAKVLkKjp8H47",
              },
              Object {
                "name": "Balance",
                "value": "20000000000000",
              },
            ],
            "description": "[ An account has bonded this amount. \\\\[stash, amount\\\\], ,  NOTE: This event is only emitted when funds are bonded via a dispatchable. Notably,,  it will not be emitted for staking rewards when they are added to stake.]",
            "extrinsicIndex": 2,
            "index": 0,
            "method": "Bonded",
            "phase": "applyExtrinsic",
            "section": "staking",
          },
          Object {
            "data": Array [],
            "description": "[ Batch of dispatches completed fully with no error.]",
            "extrinsicIndex": 2,
            "index": 1,
            "method": "BatchCompleted",
            "phase": "applyExtrinsic",
            "section": "utility",
          },
          Object {
            "data": Array [
              Object {
                "name": "Balance",
                "value": "180800000",
              },
            ],
            "description": "[ Some funds have been deposited. \\\\[deposit\\\\]]",
            "extrinsicIndex": 2,
            "index": 2,
            "method": "Deposit",
            "phase": "applyExtrinsic",
            "section": "treasury",
          },
          Object {
            "data": Array [
              Object {
                "name": "AccountId",
                "value": "1nTfEEWASm1x6D16FPLLjPFC42Fb7Q5zLovrxQpPQe6j86s",
              },
              Object {
                "name": "Balance",
                "value": "45200000",
              },
            ],
            "description": "[ Some amount was deposited (e.g. for transaction fees). \\\\[who, deposit\\\\]]",
            "extrinsicIndex": 2,
            "index": 3,
            "method": "Deposit",
            "phase": "applyExtrinsic",
            "section": "balances",
          },
          Object {
            "data": Array [
              Object {
                "name": "DispatchInfo",
                "value": "{\\"weight\\":1013915000,\\"class\\":\\"Normal\\",\\"paysFee\\":\\"Yes\\"}",
              },
            ],
            "description": "[ An extrinsic completed successfully. \\\\[info\\\\]]",
            "extrinsicIndex": 2,
            "index": 4,
            "method": "ExtrinsicSuccess",
            "phase": "applyExtrinsic",
            "section": "system",
          },
        ],
        "extrinsicIndex": 2,
        "hash": "0x387d83ccb57fd1c4c460d4984dc9dcb28db3bc7b7032666ec801e5e6c18e1fdd",
        "isSignedTransaction": true,
        "isSuccess": true,
        "method": "batch",
        "nonce": 0,
        "partialFee": "226000000",
        "raw": "{\\"isSigned\\":true,\\"method\\":{\\"args\\":[[{\\"args\\":[\\"13Dr9u4sxkCgsNnStVmuuJAwrNw3yHHb9TfwAKVLkKjp8H47\\",\\"20.0000 DOT (old)\\",{\\"Staked\\":null}],\\"method\\":\\"bond\\",\\"section\\":\\"staking\\"},{\\"args\\":[[\\"1REAJ1k691g5Eqqg9gL7vvZCBG7FCCZ8zgQkZWd4va5ESih\\",\\"15oKi7HoBQbwwdQc47k71q4sJJWnu5opn1pqoGx4NAEYZSHs\\"]],\\"method\\":\\"nominate\\",\\"section\\":\\"staking\\"}]],\\"method\\":\\"batch\\",\\"section\\":\\"utility\\"},\\"era\\":{\\"MortalEra\\":{\\"period\\":\\"64\\",\\"phase\\":\\"22\\"}},\\"nonce\\":\\"0\\",\\"signature\\":\\"0x887218bd11e375dba11167a900de365ade013a9d7809f49e6f236ad6b1ab882e2d8025a67a79e3c528b611422f98505c5086475abc69634fd7420b024ca3a786\\",\\"signer\\":\\"13Dr9u4sxkCgsNnStVmuuJAwrNw3yHHb9TfwAKVLkKjp8H47\\",\\"tip\\":\\"0\\"}",
        "section": "utility",
        "signature": "0x887218bd11e375dba11167a900de365ade013a9d7809f49e6f236ad6b1ab882e2d8025a67a79e3c528b611422f98505c5086475abc69634fd7420b024ca3a786",
        "signer": "13Dr9u4sxkCgsNnStVmuuJAwrNw3yHHb9TfwAKVLkKjp8H47",
        "time": 1602583182.026,
        "tip": 0,
      },
    ],
    "header": Object {
      "extrinsicsRoot": "0xcbca9f83ea235f3540a366278e58fe739fe3b1c417209fd97c1578ceb45a7561",
      "height": 2003930,
      "parentHash": "0x1c467da8273cd79d75b1cdbd9e9281f1665659bab3bf1c3917b8c3e03ab43667",
      "stateRoot": "0xd219307780efc9ff77ff22ba001baf78925fbf4becc44392ae5aceaea2d9b2e4",
      "time": Object {
        "nanos": 0,
        "seconds": 1602583182.026,
      },
    },
  },
}
`;
