// Jest Snapshot v1, https://goo.gl/fbAQLP

exports[`integration getMetaByHeight returns a result that matches snapshot 1`] = `
Object {
  "chain": "Kusama",
  "era": 1209,
  "lastInEra": false,
  "lastInSession": false,
  "session": 6548,
  "specVersion": "2022",
  "time": Object {
    "nanos": 0,
    "seconds": 1598536728,
  },
}
`;
