// Jest Snapshot v1, https://goo.gl/fbAQLP

exports[`integration getByHeight returns a result that matches snapshot 1`] = `
Object {
  "events": Array [
    Object {
      "data": Array [
        Object {
          "name": "DispatchInfo",
          "value": "{\\"weight\\":161029000,\\"class\\":\\"Mandatory\\",\\"paysFee\\":\\"Yes\\"}",
        },
      ],
      "description": "[ An extrinsic completed successfully. \\\\[info\\\\]]",
      "extrinsicIndex": 0,
      "index": 0,
      "method": "ExtrinsicSuccess",
      "phase": "applyExtrinsic",
      "section": "system",
    },
    Object {
      "data": Array [
        Object {
          "name": "DispatchInfo",
          "value": "{\\"weight\\":0,\\"class\\":\\"Mandatory\\",\\"paysFee\\":\\"Yes\\"}",
        },
      ],
      "description": "[ An extrinsic completed successfully. \\\\[info\\\\]]",
      "extrinsicIndex": 1,
      "index": 1,
      "method": "ExtrinsicSuccess",
      "phase": "applyExtrinsic",
      "section": "system",
    },
    Object {
      "data": Array [
        Object {
          "name": "AccountId",
          "value": "1rvXMZpAj9nKLQkPFCymyH7Fg3ZyKJhJbrc7UtHbTVhJm1A",
        },
        Object {
          "name": "AccountId",
          "value": "15kUt2i86LHRWCkE3D9Bg1HZAoc2smhn1fwPzDERTb1BXAkX",
        },
        Object {
          "name": "Balance",
          "value": "33079844000000",
        },
      ],
      "description": "[ Transfer succeeded. \\\\[from, to, value\\\\]]",
      "extrinsicIndex": 2,
      "index": 2,
      "method": "Transfer",
      "phase": "applyExtrinsic",
      "section": "balances",
    },
    Object {
      "data": Array [
        Object {
          "name": "Balance",
          "value": "124800000",
        },
      ],
      "description": "[ Some funds have been deposited. \\\\[deposit\\\\]]",
      "extrinsicIndex": 2,
      "index": 3,
      "method": "Deposit",
      "phase": "applyExtrinsic",
      "section": "treasury",
    },
    Object {
      "data": Array [
        Object {
          "name": "AccountId",
          "value": "12BJ7EMWbr7fGVu2DspPtGbxCCdJUfAMVbJtCm6xPEf4WGiS",
        },
        Object {
          "name": "Balance",
          "value": "31200000",
        },
      ],
      "description": "[ Some amount was deposited (e.g. for transaction fees). \\\\[who, deposit\\\\]]",
      "extrinsicIndex": 2,
      "index": 4,
      "method": "Deposit",
      "phase": "applyExtrinsic",
      "section": "balances",
    },
    Object {
      "data": Array [
        Object {
          "name": "DispatchInfo",
          "value": "{\\"weight\\":188272000,\\"class\\":\\"Normal\\",\\"paysFee\\":\\"Yes\\"}",
        },
      ],
      "description": "[ An extrinsic completed successfully. \\\\[info\\\\]]",
      "extrinsicIndex": 2,
      "index": 5,
      "method": "ExtrinsicSuccess",
      "phase": "applyExtrinsic",
      "section": "system",
    },
  ],
}
`;
