// Jest Snapshot v1, https://goo.gl/fbAQLP

exports[`integration getByHeight returns a result that matches snapshot 1`] = `
Object {
  "staking": Object {
    "era": "701",
    "session": "3517",
    "totalRewardPayout": "0",
    "totalRewardPoints": "0",
    "totalStake": "0",
    "validators": Array [
      Object {
        "commission": "0",
        "controllerAccount": "GhoRyTGK583sJec8aSiyyJCsP2PQXJ2RK7iPGUjLtuX8XCn",
        "ownStake": "0",
        "rewardPoints": "0",
        "stakers": Array [],
        "stashAccount": "GhoRyTGK583sJec8aSiyyJCsP2PQXJ2RK7iPGUjLtuX8XCn",
        "totalStake": "0",
      },
      Object {
        "commission": "0",
        "controllerAccount": "Fkrz5CfbpyaoQaSjmr6Y5Hu7F2DrkUoVuV8agZ7YWex7rbt",
        "ownStake": "0",
        "rewardPoints": "0",
        "stakers": Array [],
        "stashAccount": "DGiLC1uvohfgHiirDtsr5HJRYXUFy9NdXj6YC6azcaRpvJZ",
        "totalStake": "0",
      },
      Object {
        "commission": "0",
        "controllerAccount": "GLwRiEDu8sEzJcXbyGB7MzeJcZfzhZxXDs5CaEStZBhcvBj",
        "ownStake": "0",
        "rewardPoints": "0",
        "stakers": Array [],
        "stashAccount": "JHTXKwYBhRZKWPW3nbtwtfE8dfRDYCS65cJXueMhg11k4cs",
        "totalStake": "0",
      },
      Object {
        "commission": "0",
        "controllerAccount": "Ce7AuyNXdkre96eQ9p9kQheqktYc2XTRzLaR2xtwBKf7ni5",
        "ownStake": "0",
        "rewardPoints": "0",
        "stakers": Array [],
        "stashAccount": "CmD9vaMYoiKe7HiFnfkftwvhKbxN9bhyjcDrfFRGbifJEG8",
        "totalStake": "0",
      },
      Object {
        "commission": "0",
        "controllerAccount": "FtqCc5yLcLc1FkLyftyNuCtYFCudo3unwwPQLzCbnWppjoc",
        "ownStake": "0",
        "rewardPoints": "0",
        "stakers": Array [],
        "stashAccount": "FtqCc5yLcLc1FkLyftyNuCtYFCudo3unwwPQLzCbnWppjoc",
        "totalStake": "0",
      },
      Object {
        "commission": "0",
        "controllerAccount": "HWMdHLXJnfnrwtTw7bYgMsd22YFjhuXjwRLBFr1YxRipHWy",
        "ownStake": "0",
        "rewardPoints": "0",
        "stakers": Array [],
        "stashAccount": "EafgFRX24PTgJAjGoaDuQLXQiLX4daSFQQttzGVticSD18o",
        "totalStake": "0",
      },
      Object {
        "commission": "0",
        "controllerAccount": "HeeJfizAEvorbkinL4GfRUYpxUiFST3dpnUHrh9ga2Z8Cpm",
        "ownStake": "0",
        "rewardPoints": "0",
        "stakers": Array [],
        "stashAccount": "HeeJfizAEvorbkinL4GfRUYpxUiFST3dpnUHrh9ga2Z8Cpm",
        "totalStake": "0",
      },
      Object {
        "commission": "0",
        "controllerAccount": "EGZEgucx8vTCSak5uBwwkPkZ7FiYCWYmhpMjWFupdMAq2BN",
        "ownStake": "0",
        "rewardPoints": "0",
        "stakers": Array [],
        "stashAccount": "EGZEgucx8vTCSak5uBwwkPkZ7FiYCWYmhpMjWFupdMAq2BN",
        "totalStake": "0",
      },
      Object {
        "commission": "0",
        "controllerAccount": "DriCrAgdVV57NeQm5bWn5KQpVndVnXnm55BjRpe6qzZ5ktJ",
        "ownStake": "0",
        "rewardPoints": "0",
        "stakers": Array [],
        "stashAccount": "DriCrAgdVV57NeQm5bWn5KQpVndVnXnm55BjRpe6qzZ5ktJ",
        "totalStake": "0",
      },
      Object {
        "commission": "0",
        "controllerAccount": "H4Af6szpiQ681EuN8fEV5oFLoZVf4YfPG8JESWRB8sexszx",
        "ownStake": "0",
        "rewardPoints": "0",
        "stakers": Array [],
        "stashAccount": "EXkCSUQ6Z1hKvGWMNkUDKrTMVHRduQHWc8G6vgo4NccUmhU",
        "totalStake": "0",
      },
      Object {
        "commission": "0",
        "controllerAccount": "HU1Sesu16xVg9vqSwgCy6idUFaVvDANdERqH9U85634xhxX",
        "ownStake": "0",
        "rewardPoints": "0",
        "stakers": Array [],
        "stashAccount": "HU1Sesu16xVg9vqSwgCy6idUFaVvDANdERqH9U85634xhxX",
        "totalStake": "0",
      },
      Object {
        "commission": "0",
        "controllerAccount": "Dx6xsQxHL5dcoybioVUhjCasPW3j8fgshVRGhUA6c8aqw6D",
        "ownStake": "0",
        "rewardPoints": "0",
        "stakers": Array [],
        "stashAccount": "F8PTaGuZQo5fgRBFuhNnhd5euFiR3KLQNMVhYD5BduPKpHr",
        "totalStake": "0",
      },
      Object {
        "commission": "0",
        "controllerAccount": "GHokLhWXboe2iBQ1uqmNax63mgCPG1msvpA9Upwpg5uRRh6",
        "ownStake": "0",
        "rewardPoints": "0",
        "stakers": Array [],
        "stashAccount": "DuRV4MSm54UoX3MpFe3P7rxjBFLfnKRThxG66s4n3yF8qbJ",
        "totalStake": "0",
      },
      Object {
        "commission": "0",
        "controllerAccount": "DfiSM1qqP11ECaekbA64L2ENcsWEpGk8df8wf1LAfV2sBd4",
        "ownStake": "0",
        "rewardPoints": "0",
        "stakers": Array [],
        "stashAccount": "DfiSM1qqP11ECaekbA64L2ENcsWEpGk8df8wf1LAfV2sBd4",
        "totalStake": "0",
      },
      Object {
        "commission": "0",
        "controllerAccount": "CoqkA7rw8zp3mzNfRFnrH5z6uuWyxC4YsZRGtrC73RRwYCG",
        "ownStake": "0",
        "rewardPoints": "0",
        "stakers": Array [],
        "stashAccount": "Hadx1N8xZq6tRtXWkm6s5madXTXqVhauDNmesZnpMYTufcv",
        "totalStake": "0",
      },
      Object {
        "commission": "0",
        "controllerAccount": "D948vxMSA6u7G5gqPGQdAUDMJbiR7wgqZ1La8XeBiXr9FTF",
        "ownStake": "0",
        "rewardPoints": "0",
        "stakers": Array [],
        "stashAccount": "D948vxMSA6u7G5gqPGQdAUDMJbiR7wgqZ1La8XeBiXr9FTF",
        "totalStake": "0",
      },
      Object {
        "commission": "0",
        "controllerAccount": "F3LeKEkzMZ9VFLWWLhr5pD2PAAQNJHSLwf3Wg1MtwWP7Z2M",
        "ownStake": "0",
        "rewardPoints": "0",
        "stakers": Array [],
        "stashAccount": "D5NGokAYvFZmvFynjApN2DG4r1H1cQ9pyum7KC3KmtDYLkn",
        "totalStake": "0",
      },
      Object {
        "commission": "0",
        "controllerAccount": "FXDejFtQS2z3QHfEzCasYdNWZu4fXZq5R4zhTQnbnpuFpAt",
        "ownStake": "0",
        "rewardPoints": "0",
        "stakers": Array [],
        "stashAccount": "J2HVhQBYpx5PkyxHYLsp555pvWzc2zvGfNUnTwgzvRqVGqm",
        "totalStake": "0",
      },
      Object {
        "commission": "0",
        "controllerAccount": "F7BeW4g5ViG8xGJQAzguGPxiX9QNdoPNc3YqF1bV8d9XkVV",
        "ownStake": "0",
        "rewardPoints": "0",
        "stakers": Array [],
        "stashAccount": "F7BeW4g5ViG8xGJQAzguGPxiX9QNdoPNc3YqF1bV8d9XkVV",
        "totalStake": "0",
      },
      Object {
        "commission": "0",
        "controllerAccount": "FLpAi7Zi4AB1JqJHWMrub4Umj4X73mZ5dAWE7Q6uS5e82pE",
        "ownStake": "0",
        "rewardPoints": "0",
        "stakers": Array [],
        "stashAccount": "FLpAi7Zi4AB1JqJHWMrub4Umj4X73mZ5dAWE7Q6uS5e82pE",
        "totalStake": "0",
      },
      Object {
        "commission": "0",
        "controllerAccount": "GU7kw1ZYDKchyzhrAQ3imiY7s4fsoeFCvgeaU5XkTi9ABuB",
        "ownStake": "0",
        "rewardPoints": "0",
        "stakers": Array [],
        "stashAccount": "GU7kw1ZYDKchyzhrAQ3imiY7s4fsoeFCvgeaU5XkTi9ABuB",
        "totalStake": "0",
      },
      Object {
        "commission": "0",
        "controllerAccount": "HWSiD96EkyYmYXJAYk53r8Vx2BkKvD8cNKUnzhVBfu11RsY",
        "ownStake": "0",
        "rewardPoints": "0",
        "stakers": Array [],
        "stashAccount": "E457XaKbj2yTB2URy8N4UuzmyuFRkcdxYs67UvSgVr7HyFb",
        "totalStake": "0",
      },
      Object {
        "commission": "0",
        "controllerAccount": "Gth5jQA6v9EFbpqSPgXcsvpGSrbTdWwmBADnqa36ptjs5m5",
        "ownStake": "0",
        "rewardPoints": "0",
        "stakers": Array [],
        "stashAccount": "Gth5jQA6v9EFbpqSPgXcsvpGSrbTdWwmBADnqa36ptjs5m5",
        "totalStake": "0",
      },
      Object {
        "commission": "0",
        "controllerAccount": "F8DXBsUQrvVvL9AvkEqxykmy1AWcBcn2CqjG3nyzYRFVJeS",
        "ownStake": "0",
        "rewardPoints": "0",
        "stakers": Array [],
        "stashAccount": "F8DXBsUQrvVvL9AvkEqxykmy1AWcBcn2CqjG3nyzYRFVJeS",
        "totalStake": "0",
      },
      Object {
        "commission": "0",
        "controllerAccount": "HLu1SbNtBBLceWzYAb7w4qz4njB2Gfaf3TVr7eranfPpC9F",
        "ownStake": "0",
        "rewardPoints": "0",
        "stakers": Array [],
        "stashAccount": "FyRaMYvPqpNGq6PFGCcUWcJJWKgEz29ZFbdsnoNAczC2wJZ",
        "totalStake": "0",
      },
      Object {
        "commission": "0",
        "controllerAccount": "GARHv4dakmEBS3W4PDUtsXmnsu8NN91kGQDyP9h9FFXaTof",
        "ownStake": "0",
        "rewardPoints": "0",
        "stakers": Array [],
        "stashAccount": "Eyvj7oeaHyoqJbNPKPi3zjBks2bNoju3X29xJhsxD8d6GeQ",
        "totalStake": "0",
      },
      Object {
        "commission": "0",
        "controllerAccount": "DTLcUu92NoQw4gg6VmNgXeYQiNywDhfYMQBPYg2Y1W6AkJF",
        "ownStake": "0",
        "rewardPoints": "0",
        "stakers": Array [],
        "stashAccount": "DTLcUu92NoQw4gg6VmNgXeYQiNywDhfYMQBPYg2Y1W6AkJF",
        "totalStake": "0",
      },
      Object {
        "commission": "0",
        "controllerAccount": "E62tECgh8N9P1qyGUoVDV7awuMg6dDANWeBnhDRq2w24MXb",
        "ownStake": "0",
        "rewardPoints": "0",
        "stakers": Array [],
        "stashAccount": "HAGcVQikZmEEgBBaChwjTVdwdA53Qopg2AYUtqw738C5kUq",
        "totalStake": "0",
      },
      Object {
        "commission": "0",
        "controllerAccount": "EibDgpnEGwqvWDcPUq7EThEB6kPEnqKuZog48E5jga8uWe8",
        "ownStake": "0",
        "rewardPoints": "0",
        "stakers": Array [],
        "stashAccount": "EibDgpnEGwqvWDcPUq7EThEB6kPEnqKuZog48E5jga8uWe8",
        "totalStake": "0",
      },
      Object {
        "commission": "0",
        "controllerAccount": "DcNNc4LAwFLZwRpejQyQNZfLqggkJPLF8H37Ariwe2s3dXE",
        "ownStake": "0",
        "rewardPoints": "0",
        "stakers": Array [],
        "stashAccount": "Fgqjkry96qFLpRqPZstNzgaqKXiVyrpzTqD55neMdW8PK6g",
        "totalStake": "0",
      },
      Object {
        "commission": "0",
        "controllerAccount": "GqomGHs3CpaoG7kemv9hb6LCaBSazXMPaaCyDrP6CxRrgcF",
        "ownStake": "0",
        "rewardPoints": "0",
        "stakers": Array [],
        "stashAccount": "GqomGHs3CpaoG7kemv9hb6LCaBSazXMPaaCyDrP6CxRrgcF",
        "totalStake": "0",
      },
      Object {
        "commission": "0",
        "controllerAccount": "EUwcW86EFGDoDfUP2UJYuBwhCWC7cW9SdFH9cPh6UPBvBHj",
        "ownStake": "0",
        "rewardPoints": "0",
        "stakers": Array [],
        "stashAccount": "EUwcW86EFGDoDfUP2UJYuBwhCWC7cW9SdFH9cPh6UPBvBHj",
        "totalStake": "0",
      },
      Object {
        "commission": "0",
        "controllerAccount": "DdVUpYooiyRwZ6y2BSPxzF7aJNUk3sNqobtcVMeAXxeMedr",
        "ownStake": "0",
        "rewardPoints": "0",
        "stakers": Array [],
        "stashAccount": "ErhkFXudde5xXFVMGUtNpiPLvZ9zcvqM3ueRLukDdpjszys",
        "totalStake": "0",
      },
      Object {
        "commission": "0",
        "controllerAccount": "G7eJUS1A7CdcRb2Y3zEDvfAJrM1QtacgG6mPD1RsPTJXxPQ",
        "ownStake": "0",
        "rewardPoints": "0",
        "stakers": Array [],
        "stashAccount": "G7eJUS1A7CdcRb2Y3zEDvfAJrM1QtacgG6mPD1RsPTJXxPQ",
        "totalStake": "0",
      },
      Object {
        "commission": "0",
        "controllerAccount": "GfXJERNZeUXh75pdFwksC9y42sftVti9K2AWntarJeM3gM4",
        "ownStake": "0",
        "rewardPoints": "0",
        "stakers": Array [],
        "stashAccount": "GfXJERNZeUXh75pdFwksC9y42sftVti9K2AWntarJeM3gM4",
        "totalStake": "0",
      },
      Object {
        "commission": "0",
        "controllerAccount": "CmfwTdJ1F7Qd2HLAQ6A8FdNtz9hKvTMr2FkWtBQR1vECYjo",
        "ownStake": "0",
        "rewardPoints": "0",
        "stakers": Array [],
        "stashAccount": "CmfwTdJ1F7Qd2HLAQ6A8FdNtz9hKvTMr2FkWtBQR1vECYjo",
        "totalStake": "0",
      },
      Object {
        "commission": "0",
        "controllerAccount": "DFNjz36vWjaF9XbcMctFTgq3DULVr8hTGj5rq4v6DFHavs6",
        "ownStake": "0",
        "rewardPoints": "0",
        "stakers": Array [],
        "stashAccount": "DAT4gSgyMskggCmTQKfEM6hQgRy1NWdhtfMTAuPLsUAGUPy",
        "totalStake": "0",
      },
      Object {
        "commission": "0",
        "controllerAccount": "GqvgSshAWtVvmgCM9fowLJbTad9cjNuqgqM9HpofeN864UU",
        "ownStake": "0",
        "rewardPoints": "0",
        "stakers": Array [],
        "stashAccount": "JEe1So24BEhUs2ZEnAzfZhzBZCjZKK3AWKhWXktL4gUHqjx",
        "totalStake": "0",
      },
      Object {
        "commission": "0",
        "controllerAccount": "GhiwzWz7LNbnTDe3vDmnCEvufw7QTyrwT7gSXxnXdenAyU1",
        "ownStake": "0",
        "rewardPoints": "0",
        "stakers": Array [],
        "stashAccount": "H4V7fZJPLiGtBvQfsadb7oGfV1StiXJTuca76Daa449rz27",
        "totalStake": "0",
      },
      Object {
        "commission": "0",
        "controllerAccount": "DGC4rANssfdpry7FQFznHo2b3QbDHyQZM58esJU6RskB41y",
        "ownStake": "0",
        "rewardPoints": "0",
        "stakers": Array [],
        "stashAccount": "DGC4rANssfdpry7FQFznHo2b3QbDHyQZM58esJU6RskB41y",
        "totalStake": "0",
      },
      Object {
        "commission": "0",
        "controllerAccount": "G8phYFBj7nANmFcLLeGmF8BQ2jvmnb2RMpgCEXBV28ktDHv",
        "ownStake": "0",
        "rewardPoints": "0",
        "stakers": Array [],
        "stashAccount": "EPehck28w8fjRZCqZ3VZA7XpwGeipuVU4ETSwv7GkF5BdcG",
        "totalStake": "0",
      },
      Object {
        "commission": "0",
        "controllerAccount": "EzR9J3Afvash2tYCk8ZZwPYyq3zy92adVUXKcYjbYN46JWL",
        "ownStake": "0",
        "rewardPoints": "0",
        "stakers": Array [],
        "stashAccount": "EzR9J3Afvash2tYCk8ZZwPYyq3zy92adVUXKcYjbYN46JWL",
        "totalStake": "0",
      },
      Object {
        "commission": "0",
        "controllerAccount": "GzXa7DGR6d3dokH6gML1VAvSjYEMDaSWEX6VmuqUparciJZ",
        "ownStake": "0",
        "rewardPoints": "0",
        "stakers": Array [],
        "stashAccount": "Cvzb8Kjs7SJBbx8oXDJzm9Um5jjqxo22QSyXLijmiGhEAKH",
        "totalStake": "0",
      },
      Object {
        "commission": "0",
        "controllerAccount": "F2GF2vuTCCmx8PnUNpWHTd5hTzjdbufa2uxdq2uT7PC5s9k",
        "ownStake": "0",
        "rewardPoints": "0",
        "stakers": Array [],
        "stashAccount": "F2GF2vuTCCmx8PnUNpWHTd5hTzjdbufa2uxdq2uT7PC5s9k",
        "totalStake": "0",
      },
      Object {
        "commission": "0",
        "controllerAccount": "ELvDjZdLvhbX6FpUbXEWoHbwbxFjxt4BCisp3YRh8UE4Jeu",
        "ownStake": "0",
        "rewardPoints": "0",
        "stakers": Array [],
        "stashAccount": "ELvDjZdLvhbX6FpUbXEWoHbwbxFjxt4BCisp3YRh8UE4Jeu",
        "totalStake": "0",
      },
      Object {
        "commission": "0",
        "controllerAccount": "FagAVsTYT8QghxypUtLcfnmnnhPhPpf854UNuptpQKuNndK",
        "ownStake": "0",
        "rewardPoints": "0",
        "stakers": Array [],
        "stashAccount": "FagAVsTYT8QghxypUtLcfnmnnhPhPpf854UNuptpQKuNndK",
        "totalStake": "0",
      },
      Object {
        "commission": "0",
        "controllerAccount": "Hq7ZUfWMFhaCyB73SMGxs2hemMG5SCfsE4t2QXEn3nFNriU",
        "ownStake": "0",
        "rewardPoints": "0",
        "stakers": Array [],
        "stashAccount": "Eg3bZatVC6aEnVnAjTiokiiECMH8dPVhw1vg5VB64VKgNrs",
        "totalStake": "0",
      },
      Object {
        "commission": "0",
        "controllerAccount": "G866nkBvVKUqTFwAukeLM7n6QH9JyJDUJ2EvGFzKdymzqc3",
        "ownStake": "0",
        "rewardPoints": "0",
        "stakers": Array [],
        "stashAccount": "G866nkBvVKUqTFwAukeLM7n6QH9JyJDUJ2EvGFzKdymzqc3",
        "totalStake": "0",
      },
      Object {
        "commission": "0",
        "controllerAccount": "Gw9kiLtVfhNQ9KDZHbuBrYMSSS2JoKSsYywbKFALDxxiVz2",
        "ownStake": "0",
        "rewardPoints": "0",
        "stakers": Array [],
        "stashAccount": "GiBnzCGFofhmAvsUv9FUShUb8YJYYwWex3ThQNkbDDNprS6",
        "totalStake": "0",
      },
      Object {
        "commission": "0",
        "controllerAccount": "DJvwYJ8VEv5MhJXg5kM6W3RKFNsNEzAqm3rjz1DcQLESqLQ",
        "ownStake": "0",
        "rewardPoints": "0",
        "stakers": Array [],
        "stashAccount": "J4hAvZoHCviZSoPHoSwLida8cEkZR1NXJcGrcfx9saHTk7D",
        "totalStake": "0",
      },
      Object {
        "commission": "0",
        "controllerAccount": "E5dCGG48qGgcSKJrBmi1h4DNfLno4VwpvVa3ckBN6tqdKUz",
        "ownStake": "0",
        "rewardPoints": "0",
        "stakers": Array [],
        "stashAccount": "DwZBcfHnJtRmR7P23VgHQEzaeGPXQvH8jDvuob2qiyTHJMM",
        "totalStake": "0",
      },
      Object {
        "commission": "0",
        "controllerAccount": "E346pvnjqJrMhP34GGskn4HU9w6WQmrtvtpJA66xDj3Tq68",
        "ownStake": "0",
        "rewardPoints": "0",
        "stakers": Array [],
        "stashAccount": "E346pvnjqJrMhP34GGskn4HU9w6WQmrtvtpJA66xDj3Tq68",
        "totalStake": "0",
      },
      Object {
        "commission": "0",
        "controllerAccount": "H4vRUEthWMyRBd7JarDbTmRBw4fjesy2ZdD21VcWNd71vfb",
        "ownStake": "0",
        "rewardPoints": "0",
        "stakers": Array [],
        "stashAccount": "DimyMqRfrnqudRLVf5TxAM3T7X23PKvFDp85DDGabFKMQ2a",
        "totalStake": "0",
      },
      Object {
        "commission": "0",
        "controllerAccount": "DEFQigjrErCANqTMiTRuy7BB5L46q9C36Bxqe41GV1yR6vA",
        "ownStake": "0",
        "rewardPoints": "0",
        "stakers": Array [],
        "stashAccount": "DEFQigjrErCANqTMiTRuy7BB5L46q9C36Bxqe41GV1yR6vA",
        "totalStake": "0",
      },
      Object {
        "commission": "0",
        "controllerAccount": "FnZgzAiAJrkadCHYo4qgW12r9fW7DQCzKPtjGSnZUL1id4M",
        "ownStake": "0",
        "rewardPoints": "0",
        "stakers": Array [],
        "stashAccount": "E7aXaaVBzDbhF8HevpcwDnWEu9mBRE6ai69JToi4fyz8c5P",
        "totalStake": "0",
      },
      Object {
        "commission": "0",
        "controllerAccount": "EyibGsAttxpNBkgjMxNTArskxkdEFFbwghYuuaZyvu9rmo2",
        "ownStake": "0",
        "rewardPoints": "0",
        "stakers": Array [],
        "stashAccount": "EyibGsAttxpNBkgjMxNTArskxkdEFFbwghYuuaZyvu9rmo2",
        "totalStake": "0",
      },
      Object {
        "commission": "0",
        "controllerAccount": "EqyCQvYn1cHBdzFVQHQeL1nHDcxHhjWR8V48KbDyHyuyCGV",
        "ownStake": "0",
        "rewardPoints": "0",
        "stakers": Array [],
        "stashAccount": "EqyCQvYn1cHBdzFVQHQeL1nHDcxHhjWR8V48KbDyHyuyCGV",
        "totalStake": "0",
      },
      Object {
        "commission": "0",
        "controllerAccount": "J3myLpmaobUh7AiQWwqG5Up2YZMeVY7yzC3UiAQ43PAobJU",
        "ownStake": "0",
        "rewardPoints": "0",
        "stakers": Array [],
        "stashAccount": "EQBwtmKWCyRrQ8yGWg7LkB8p7hpEKXZz4qUg9WR8hZmieCM",
        "totalStake": "0",
      },
      Object {
        "commission": "0",
        "controllerAccount": "DuGZsgfYwQLn6LJNEysHob8ngAYBXmYk8GPWpQnCscd2MfB",
        "ownStake": "0",
        "rewardPoints": "0",
        "stakers": Array [],
        "stashAccount": "DuGZsgfYwQLn6LJNEysHob8ngAYBXmYk8GPWpQnCscd2MfB",
        "totalStake": "0",
      },
      Object {
        "commission": "0",
        "controllerAccount": "Dg5QS2TKCMQbbZau7acRXHPN4xQxqqase8awmzLXXgmXb7w",
        "ownStake": "0",
        "rewardPoints": "0",
        "stakers": Array [],
        "stashAccount": "Dg5QS2TKCMQbbZau7acRXHPN4xQxqqase8awmzLXXgmXb7w",
        "totalStake": "0",
      },
      Object {
        "commission": "0",
        "controllerAccount": "EAUEpwCxPqpgmc8u1JGC1kT2mkXxwoLEwjS7XyGkSw77KZY",
        "ownStake": "0",
        "rewardPoints": "0",
        "stakers": Array [],
        "stashAccount": "Eksma7JmWh8DenpNKi2uCavwaKJ9QrJJbtcnmwJr3hbHSmC",
        "totalStake": "0",
      },
      Object {
        "commission": "0",
        "controllerAccount": "EMdbvJVh6d6u6SMQ79fgbPnax6VXgex5J85LxZMrSv8eVEi",
        "ownStake": "0",
        "rewardPoints": "0",
        "stakers": Array [],
        "stashAccount": "DbuPiksDXhFFEWgjsEghUypTJjQKyULiNESYji3Gaose2NV",
        "totalStake": "0",
      },
      Object {
        "commission": "0",
        "controllerAccount": "HxzXcFAM74evqTV3ZMDfM1Ec6zwez66MeBjc6XtdLTmsSFh",
        "ownStake": "0",
        "rewardPoints": "0",
        "stakers": Array [],
        "stashAccount": "HxzXcFAM74evqTV3ZMDfM1Ec6zwez66MeBjc6XtdLTmsSFh",
        "totalStake": "0",
      },
      Object {
        "commission": "0",
        "controllerAccount": "FkdpDPpakg121qLnkm3XduhxhMuFeaYhw6GygQAg9mS74LW",
        "ownStake": "0",
        "rewardPoints": "0",
        "stakers": Array [],
        "stashAccount": "DFaiE6wT1caQ9u7eLkuphVQqbywWKzYjm5vRsMgk43GSb84",
        "totalStake": "0",
      },
      Object {
        "commission": "0",
        "controllerAccount": "Foc4anJqDfTMY3CvpCZzK9kUSudwc2oUTJ19K1E3JYFKy9j",
        "ownStake": "0",
        "rewardPoints": "0",
        "stakers": Array [],
        "stashAccount": "Foc4anJqDfTMY3CvpCZzK9kUSudwc2oUTJ19K1E3JYFKy9j",
        "totalStake": "0",
      },
      Object {
        "commission": "0",
        "controllerAccount": "DB2mp5nNhbFN86J9hxoAog8JALMhDXgwvWMxrRMLNUFMEY4",
        "ownStake": "0",
        "rewardPoints": "0",
        "stakers": Array [],
        "stashAccount": "DB2mp5nNhbFN86J9hxoAog8JALMhDXgwvWMxrRMLNUFMEY4",
        "totalStake": "0",
      },
      Object {
        "commission": "0",
        "controllerAccount": "EFjHdypk8xLf3ocDEFPaKFWVcfamH8mpvfUeXHvRWpSBk2M",
        "ownStake": "0",
        "rewardPoints": "0",
        "stakers": Array [],
        "stashAccount": "EFjHdypk8xLf3ocDEFPaKFWVcfamH8mpvfUeXHvRWpSBk2M",
        "totalStake": "0",
      },
      Object {
        "commission": "0",
        "controllerAccount": "FreeCictHsDuT64oEKsgWvrVUe4Ydpvx7y78c7eDWNE29vN",
        "ownStake": "0",
        "rewardPoints": "0",
        "stakers": Array [],
        "stashAccount": "DSpbbk6HKKyS78c4KDLSxCetqbwnsemv2iocVXwNe2FAvWC",
        "totalStake": "0",
      },
      Object {
        "commission": "0",
        "controllerAccount": "EoVdCK6CMJU4XGixwsR6zXWWJaqNKb5hDj9BJW3mKaiDoXz",
        "ownStake": "0",
        "rewardPoints": "0",
        "stakers": Array [],
        "stashAccount": "EoeAhrhJv2p6Sg5T67mxkLwrPnjKbH7iZSh8q1JTyvELvrR",
        "totalStake": "0",
      },
      Object {
        "commission": "0",
        "controllerAccount": "Gc6YgfbTJ6pYXcwib6mk3KoiwncLm4dfdcN3nwFjvfi4Agd",
        "ownStake": "0",
        "rewardPoints": "0",
        "stakers": Array [],
        "stashAccount": "Gc6YgfbTJ6pYXcwib6mk3KoiwncLm4dfdcN3nwFjvfi4Agd",
        "totalStake": "0",
      },
      Object {
        "commission": "0",
        "controllerAccount": "FcuWtQ9ZujxYEmAB1Pq73EqkbrDZHQNxFrTXMmo3mHYvPg8",
        "ownStake": "0",
        "rewardPoints": "0",
        "stakers": Array [],
        "stashAccount": "HpvND7GR7gZYd42wkrxuLT7XjtozV3BZQh2wBDkh8cc9KwH",
        "totalStake": "0",
      },
      Object {
        "commission": "0",
        "controllerAccount": "EUoo6xidm7okewmbh89tUW3sqaDLYKAvTCCNYc8zh4nPU4s",
        "ownStake": "0",
        "rewardPoints": "0",
        "stakers": Array [],
        "stashAccount": "EUoo6xidm7okewmbh89tUW3sqaDLYKAvTCCNYc8zh4nPU4s",
        "totalStake": "0",
      },
      Object {
        "commission": "0",
        "controllerAccount": "DG3eXF793HaeQQccxDLiGT8REWRMNZ7T4GPnwwr2XWRDusr",
        "ownStake": "0",
        "rewardPoints": "0",
        "stakers": Array [],
        "stashAccount": "EZ7uBY7ZLohavWAugjTSUVVSABLfad77S6RQf4pDe3cV9q4",
        "totalStake": "0",
      },
      Object {
        "commission": "0",
        "controllerAccount": "FSETB7JeTuTsJBYzUcKBtHXBYtBft3pZ87FUxP2GaY4acFh",
        "ownStake": "0",
        "rewardPoints": "0",
        "stakers": Array [],
        "stashAccount": "FSETB7JeTuTsJBYzUcKBtHXBYtBft3pZ87FUxP2GaY4acFh",
        "totalStake": "0",
      },
      Object {
        "commission": "0",
        "controllerAccount": "EXHRoKfGoCe414hrzYbG8SNCNVgBxSpu6rHUBkPNtZcj3om",
        "ownStake": "0",
        "rewardPoints": "0",
        "stakers": Array [],
        "stashAccount": "EXHRoKfGoCe414hrzYbG8SNCNVgBxSpu6rHUBkPNtZcj3om",
        "totalStake": "0",
      },
      Object {
        "commission": "0",
        "controllerAccount": "FJ69gpCq1zxhatfWY7YCktjftZvy93fDt1Jup7RvDtykkg3",
        "ownStake": "0",
        "rewardPoints": "0",
        "stakers": Array [],
        "stashAccount": "HZvvFHgPdhDr6DHN43xT1sP5fDyzLDFv5t5xwmXBrm6dusm",
        "totalStake": "0",
      },
      Object {
        "commission": "0",
        "controllerAccount": "FhxXQh7WDxCPHm73zp7H6Db4qRS7fdpRQWenx68h5F492JV",
        "ownStake": "0",
        "rewardPoints": "0",
        "stakers": Array [],
        "stashAccount": "JDA8ByXeJcn2BfNabC6WbBJKEBwM4k7oBVenVgJdzL32RJc",
        "totalStake": "0",
      },
      Object {
        "commission": "0",
        "controllerAccount": "Gt6HqWBhdu4Sy1u8ASTbS1qf2Ac5gwdegwr8tWN8saMxPt5",
        "ownStake": "0",
        "rewardPoints": "0",
        "stakers": Array [],
        "stashAccount": "Gt6HqWBhdu4Sy1u8ASTbS1qf2Ac5gwdegwr8tWN8saMxPt5",
        "totalStake": "0",
      },
      Object {
        "commission": "0",
        "controllerAccount": "GPcwRJAb8VXPX452qEGaag3QYDwJLHkGijDrtc1TeBH3FHf",
        "ownStake": "0",
        "rewardPoints": "0",
        "stakers": Array [],
        "stashAccount": "D8BfryaM5xN62UuKUpLK5zbZEUSBtA76yP9YddQTKXi9pkB",
        "totalStake": "0",
      },
      Object {
        "commission": "0",
        "controllerAccount": "HeCK315sYXruJvZKB5uXtEBnpWwYHFaKfNNZ54G76Qr7Nkn",
        "ownStake": "0",
        "rewardPoints": "0",
        "stakers": Array [],
        "stashAccount": "HeCK315sYXruJvZKB5uXtEBnpWwYHFaKfNNZ54G76Qr7Nkn",
        "totalStake": "0",
      },
      Object {
        "commission": "0",
        "controllerAccount": "DokiayXWoMvotzchNdLSH4P4Fe7EvMESZvZL4Fn3NekoFtf",
        "ownStake": "0",
        "rewardPoints": "0",
        "stakers": Array [],
        "stashAccount": "DokiayXWoMvotzchNdLSH4P4Fe7EvMESZvZL4Fn3NekoFtf",
        "totalStake": "0",
      },
      Object {
        "commission": "0",
        "controllerAccount": "EPVH8F3d7MHk3upbcRBkDSdd3Jqzo1cGbH2XW7NLcVL5Fnb",
        "ownStake": "0",
        "rewardPoints": "0",
        "stakers": Array [],
        "stashAccount": "FXCgfz7AzQA1fNaUqubSgXxGh77sjWVVkypgueWLmAcwv79",
        "totalStake": "0",
      },
      Object {
        "commission": "0",
        "controllerAccount": "CoooBnE4hYaaQSKUDyCmZNdn8uE94rWa5ez3jrpFDE88vVA",
        "ownStake": "0",
        "rewardPoints": "0",
        "stakers": Array [],
        "stashAccount": "CoooBnE4hYaaQSKUDyCmZNdn8uE94rWa5ez3jrpFDE88vVA",
        "totalStake": "0",
      },
      Object {
        "commission": "0",
        "controllerAccount": "CrfjBgawzR1AmgWfQ93VY47ND7hiAnrJveNCz8vmAe5VPGj",
        "ownStake": "0",
        "rewardPoints": "0",
        "stakers": Array [],
        "stashAccount": "HgWWnAXFGikrPVD2FrZ6CRk7KnYdVDn7zVyye8hqFPMc5g1",
        "totalStake": "0",
      },
      Object {
        "commission": "0",
        "controllerAccount": "FvqGTEpXZjikyuo4RxsiRMxwKyWVU8LUmBbW5JGy1fEA3cN",
        "ownStake": "0",
        "rewardPoints": "0",
        "stakers": Array [],
        "stashAccount": "EtgM5E6pecndYpKCLkfYeRfKSmVxT1mVvaxceJFnhuKqTpG",
        "totalStake": "0",
      },
      Object {
        "commission": "0",
        "controllerAccount": "Eg2z2dcScFf4foDN4Gxn6JoJ7JeDN1U7m49jNssUZMLtNrD",
        "ownStake": "0",
        "rewardPoints": "0",
        "stakers": Array [],
        "stashAccount": "Eg2z2dcScFf4foDN4Gxn6JoJ7JeDN1U7m49jNssUZMLtNrD",
        "totalStake": "0",
      },
      Object {
        "commission": "0",
        "controllerAccount": "Dab4bfYTZRUDMWjYAUQuFbDreQ9mt7nULWu3Dw7jodbzVe9",
        "ownStake": "0",
        "rewardPoints": "0",
        "stakers": Array [],
        "stashAccount": "Dab4bfYTZRUDMWjYAUQuFbDreQ9mt7nULWu3Dw7jodbzVe9",
        "totalStake": "0",
      },
      Object {
        "commission": "0",
        "controllerAccount": "FgzDD5RjjC3zvSSNKitPMrD9roiZoNrowPTjpwwb4W9ofYW",
        "ownStake": "0",
        "rewardPoints": "0",
        "stakers": Array [],
        "stashAccount": "Eodfj4xjkw8ZFLLSS5RfP6vCMw8aM6qfM7BfeQMf6ivFWHy",
        "totalStake": "0",
      },
      Object {
        "commission": "0",
        "controllerAccount": "DKKyoeJire5UL33G6LCuLgY4NCRzMDojEZGYcDS65Q5i1HN",
        "ownStake": "0",
        "rewardPoints": "0",
        "stakers": Array [],
        "stashAccount": "DiJd3tgv5eNYEHRtAPzue3DH3bGmbkfkeViqNN6mQgkPs1E",
        "totalStake": "0",
      },
      Object {
        "commission": "0",
        "controllerAccount": "Ekmq3kj44FMKUhCNsSAGo6NS5VHFdx56TqQUJiof8Nadfcg",
        "ownStake": "0",
        "rewardPoints": "0",
        "stakers": Array [],
        "stashAccount": "D9rwRxuG8xm8TZf5tgkbPxhhTJK5frCJU9wvp59VRjcMkUf",
        "totalStake": "0",
      },
      Object {
        "commission": "0",
        "controllerAccount": "JLKcPk652UTtQfyrk7keyU6vqAEj5JXzDAvQdPxB1DJTnZ3",
        "ownStake": "0",
        "rewardPoints": "0",
        "stakers": Array [],
        "stashAccount": "JLKcPk652UTtQfyrk7keyU6vqAEj5JXzDAvQdPxB1DJTnZ3",
        "totalStake": "0",
      },
      Object {
        "commission": "0",
        "controllerAccount": "FF4qcWjgLWGaPs3Qj8a2kc69GwU3niAigkRCd2zTgvJmuiv",
        "ownStake": "0",
        "rewardPoints": "0",
        "stakers": Array [],
        "stashAccount": "J1aHBD7YQ3xnSwgFJNokjsEo7NjLTf36ZEHD2LTpeo7KAq8",
        "totalStake": "0",
      },
      Object {
        "commission": "0",
        "controllerAccount": "DxDFNGjNrTHWhes35E2ht7cJSNWpedoQzre6rVXBtMV3jjB",
        "ownStake": "0",
        "rewardPoints": "0",
        "stakers": Array [],
        "stashAccount": "DxDFNGjNrTHWhes35E2ht7cJSNWpedoQzre6rVXBtMV3jjB",
        "totalStake": "0",
      },
      Object {
        "commission": "0",
        "controllerAccount": "JLG7wZHeen93CuNZvNBQ5yqvreEHim4ffVYnYxxo8a5wsG5",
        "ownStake": "0",
        "rewardPoints": "0",
        "stakers": Array [],
        "stashAccount": "JLG7wZHeen93CuNZvNBQ5yqvreEHim4ffVYnYxxo8a5wsG5",
        "totalStake": "0",
      },
      Object {
        "commission": "0",
        "controllerAccount": "Cwr82cUKvfgnQSnLeN84CmtNaUGjYBD2qaBjsTxG43ZNh2M",
        "ownStake": "0",
        "rewardPoints": "0",
        "stakers": Array [],
        "stashAccount": "Cwr82cUKvfgnQSnLeN84CmtNaUGjYBD2qaBjsTxG43ZNh2M",
        "totalStake": "0",
      },
      Object {
        "commission": "0",
        "controllerAccount": "FTuixuLLe8RYsGpdwoxHhVq3Y3fAhR313CscU7sybJ7MWxT",
        "ownStake": "0",
        "rewardPoints": "0",
        "stakers": Array [],
        "stashAccount": "HqFz5RBczgtKrHQGav7DFZwSwrDXxKjLWc95mMDidVdfpwC",
        "totalStake": "0",
      },
      Object {
        "commission": "0",
        "controllerAccount": "Fsspzse4QY1KqagdyrVqDt7cmVBr3HSVsfJ38WKgxsLVaXo",
        "ownStake": "0",
        "rewardPoints": "0",
        "stakers": Array [],
        "stashAccount": "Fsspzse4QY1KqagdyrVqDt7cmVBr3HSVsfJ38WKgxsLVaXo",
        "totalStake": "0",
      },
      Object {
        "commission": "0",
        "controllerAccount": "F2fezXd7X6MpP2P68F157qFEQmdWd8H7gtHRrqCGXiaYFHf",
        "ownStake": "0",
        "rewardPoints": "0",
        "stakers": Array [],
        "stashAccount": "HA5jB52fFL1v4EoEHV4WgEiFZr7wGLiuBDZtSmnwKypvat7",
        "totalStake": "0",
      },
      Object {
        "commission": "0",
        "controllerAccount": "GVKXRunzvuq9DaJR7sk8seM8BWupvPma1cJB2NcUTxfAtmY",
        "ownStake": "0",
        "rewardPoints": "0",
        "stakers": Array [],
        "stashAccount": "FDGCEYyHNh7u5Wx5UbC98aHXeaJ7J4TwQPK8YtEQPTjp1Cz",
        "totalStake": "0",
      },
      Object {
        "commission": "0",
        "controllerAccount": "DDkGq46ftxusKM4n4jfEr7MBW1DPGuVQDeExMFQbRtnsenD",
        "ownStake": "0",
        "rewardPoints": "0",
        "stakers": Array [],
        "stashAccount": "DDkGq46ftxusKM4n4jfEr7MBW1DPGuVQDeExMFQbRtnsenD",
        "totalStake": "0",
      },
      Object {
        "commission": "0",
        "controllerAccount": "H1ye1dQ7zVM8obAmb21kfUKA8otRekWXn6fiToKusamaJK9",
        "ownStake": "0",
        "rewardPoints": "0",
        "stakers": Array [],
        "stashAccount": "H1ye1dQ7zVM8obAmb21kfUKA8otRekWXn6fiToKusamaJK9",
        "totalStake": "0",
      },
      Object {
        "commission": "0",
        "controllerAccount": "HKuC4iDDsyvR6fTcGyj1Z9BqXuweLuKuTuySCG9XpiRtTGR",
        "ownStake": "0",
        "rewardPoints": "0",
        "stakers": Array [],
        "stashAccount": "J6RoE9MSpnZhX7hniJAJjBCcTqpr49SNhLvaVeJgFd69TJZ",
        "totalStake": "0",
      },
      Object {
        "commission": "0",
        "controllerAccount": "FJ3NBzw9SxhJEJFg2yjHLyhDDgdZKz7wiVF8r7qYKzCSN8n",
        "ownStake": "0",
        "rewardPoints": "0",
        "stakers": Array [],
        "stashAccount": "EPhtbjecJ9P2SQEGEJ4XmFS4xN7JioBFarSrbqjhj8BuJ2v",
        "totalStake": "0",
      },
      Object {
        "commission": "0",
        "controllerAccount": "FXezGfeLvze1DWUwwEc8MczpLSMnZrSDrcA7Ghyc84NaXGt",
        "ownStake": "0",
        "rewardPoints": "0",
        "stakers": Array [],
        "stashAccount": "FXezGfeLvze1DWUwwEc8MczpLSMnZrSDrcA7Ghyc84NaXGt",
        "totalStake": "0",
      },
      Object {
        "commission": "0",
        "controllerAccount": "EaWWcRin5KwuXYFZA7ANuMCydQHjM5MofStJGusASGeXrrs",
        "ownStake": "0",
        "rewardPoints": "0",
        "stakers": Array [],
        "stashAccount": "EaWWcRin5KwuXYFZA7ANuMCydQHjM5MofStJGusASGeXrrs",
        "totalStake": "0",
      },
      Object {
        "commission": "0",
        "controllerAccount": "GZ5xCKCC8JRpJSMgAoDJAFAuQV8gD9Xz2cJca4mR7oRhzL9",
        "ownStake": "0",
        "rewardPoints": "0",
        "stakers": Array [],
        "stashAccount": "GZ5xCKCC8JRpJSMgAoDJAFAuQV8gD9Xz2cJca4mR7oRhzL9",
        "totalStake": "0",
      },
      Object {
        "commission": "0",
        "controllerAccount": "FL1FGjs1J3a2xGQ751YcraHdDG7JY4qUdGaUuitiPKWa2EA",
        "ownStake": "0",
        "rewardPoints": "0",
        "stakers": Array [],
        "stashAccount": "FAGzHVggwv1QRmkGjom1Foc24jzZS1CJGcWUzrGdW8FyXEm",
        "totalStake": "0",
      },
      Object {
        "commission": "0",
        "controllerAccount": "JHrWmJnqTfzX8XRboxLkg6HZhbsMPR2EXqskHpJmFKRv86p",
        "ownStake": "0",
        "rewardPoints": "0",
        "stakers": Array [],
        "stashAccount": "DzFnjVVVwqgtviDZBJ58UPJubZQXUHgrYZ1vvYG9YKtrFPs",
        "totalStake": "0",
      },
      Object {
        "commission": "0",
        "controllerAccount": "FG2vPisy1ocUrZupvZxXvuPmjqkWPabBv96h9atGAoud5B9",
        "ownStake": "0",
        "rewardPoints": "0",
        "stakers": Array [],
        "stashAccount": "FG2vPisy1ocUrZupvZxXvuPmjqkWPabBv96h9atGAoud5B9",
        "totalStake": "0",
      },
      Object {
        "commission": "0",
        "controllerAccount": "FMTCvCG8qyWbRhb6k8Nu4nJkjYxnUpKY5QzSWfbt1fJH2K6",
        "ownStake": "0",
        "rewardPoints": "0",
        "stakers": Array [],
        "stashAccount": "FMTCvCG8qyWbRhb6k8Nu4nJkjYxnUpKY5QzSWfbt1fJH2K6",
        "totalStake": "0",
      },
      Object {
        "commission": "0",
        "controllerAccount": "H9frGRPc5zHvBKDDNTxPCcc1MNLAQUMm931qhDdnG6AGA1a",
        "ownStake": "0",
        "rewardPoints": "0",
        "stakers": Array [],
        "stashAccount": "H9frGRPc5zHvBKDDNTxPCcc1MNLAQUMm931qhDdnG6AGA1a",
        "totalStake": "0",
      },
      Object {
        "commission": "0",
        "controllerAccount": "GRzsaGxLApkBfsUSCHKLnxhe4QECX4E2kQ5LuV4qqcijN2B",
        "ownStake": "0",
        "rewardPoints": "0",
        "stakers": Array [],
        "stashAccount": "GRzsaGxLApkBfsUSCHKLnxhe4QECX4E2kQ5LuV4qqcijN2B",
        "totalStake": "0",
      },
      Object {
        "commission": "0",
        "controllerAccount": "HJ6cnbBrA1N4SXkrC58tTH3VB2KdvrdMpXbH8SAEAa46oQC",
        "ownStake": "0",
        "rewardPoints": "0",
        "stakers": Array [],
        "stashAccount": "HP8qJ8P4u4W2QgsJ8jzVuSsjfFTT6orQomFD6eTRSGEbiTK",
        "totalStake": "0",
      },
      Object {
        "commission": "0",
        "controllerAccount": "F1TyVoR98f1HgmBfksEeRrcdnkouLVsdU5N1zsNhNXJZha6",
        "ownStake": "0",
        "rewardPoints": "0",
        "stakers": Array [],
        "stashAccount": "FKJNhxaXraoh85DRvChSzoDKHMAk9cZYxoq5LQW7uqeAQMD",
        "totalStake": "0",
      },
      Object {
        "commission": "0",
        "controllerAccount": "DXprxEvTueb429RNC4TX5tqhW5oD3zd7NT6W5xT4sAXpVbb",
        "ownStake": "0",
        "rewardPoints": "0",
        "stakers": Array [],
        "stashAccount": "DXprxEvTueb429RNC4TX5tqhW5oD3zd7NT6W5xT4sAXpVbb",
        "totalStake": "0",
      },
      Object {
        "commission": "0",
        "controllerAccount": "HNxuNtuTuvxYS59eo3pUxQ73JmoTCDjVXoiaF1wGCixGeFi",
        "ownStake": "0",
        "rewardPoints": "0",
        "stakers": Array [],
        "stashAccount": "HNxuNtuTuvxYS59eo3pUxQ73JmoTCDjVXoiaF1wGCixGeFi",
        "totalStake": "0",
      },
      Object {
        "commission": "0",
        "controllerAccount": "FoeqDaomQWv3F2DtxNQaTAu7FqXGW9Z14zuqSu3WpqLRenj",
        "ownStake": "0",
        "rewardPoints": "0",
        "stakers": Array [],
        "stashAccount": "D3bm5eAeiRezwZp4tWTX4sZN3u8nXy2Fo21U59smznYHu3F",
        "totalStake": "0",
      },
      Object {
        "commission": "0",
        "controllerAccount": "H2gV2ERRZPwzG9GUREa8tWrkdrCjynXYKBXSjBy5MBBqXC2",
        "ownStake": "0",
        "rewardPoints": "0",
        "stakers": Array [],
        "stashAccount": "CinNnPhc4aGFQb7FWhUpnfwCNwXN3brcnCR1MkazkstcDJa",
        "totalStake": "0",
      },
      Object {
        "commission": "0",
        "controllerAccount": "FAp5gVpwhwdmnJ1Ycet9z6Uva5tnfyCfA3AaY7WGi7u3DU4",
        "ownStake": "0",
        "rewardPoints": "0",
        "stakers": Array [],
        "stashAccount": "FAp5gVpwhwdmnJ1Ycet9z6Uva5tnfyCfA3AaY7WGi7u3DU4",
        "totalStake": "0",
      },
      Object {
        "commission": "0",
        "controllerAccount": "HWAGAxX2PAzNVg7w3ZyTprH5yvwbVwQ8rbWwuZxtQKbQupW",
        "ownStake": "0",
        "rewardPoints": "0",
        "stakers": Array [],
        "stashAccount": "HWAGAxX2PAzNVg7w3ZyTprH5yvwbVwQ8rbWwuZxtQKbQupW",
        "totalStake": "0",
      },
      Object {
        "commission": "0",
        "controllerAccount": "FD4P2NkuQYKwhSiFCKL65XiYiuRHTvubqxSAtEsJKSL7FXR",
        "ownStake": "0",
        "rewardPoints": "0",
        "stakers": Array [],
        "stashAccount": "HnnFkvtzrSrNpSUdG47E9ioBmDoDBnRUL6Lmy7GeqGcFc5c",
        "totalStake": "0",
      },
      Object {
        "commission": "0",
        "controllerAccount": "Etij9aH36W1NjjWbR7wB5j41CmfpqAx8D4V4HCJhUydSH9Y",
        "ownStake": "0",
        "rewardPoints": "0",
        "stakers": Array [],
        "stashAccount": "Etij9aH36W1NjjWbR7wB5j41CmfpqAx8D4V4HCJhUydSH9Y",
        "totalStake": "0",
      },
      Object {
        "commission": "0",
        "controllerAccount": "DtFML4iEe4Qkei3RJY8mCDerJ8ZoowMpcbVJwZbxKR4k7SC",
        "ownStake": "0",
        "rewardPoints": "0",
        "stakers": Array [],
        "stashAccount": "GffdZaTf5oBcHVfx4VjnA6AMpHEBa3PiaBzTBUPkt24fUxp",
        "totalStake": "0",
      },
      Object {
        "commission": "0",
        "controllerAccount": "DKUQiUWNPGvGYrgaxWqduJVRqWUYXUeKprX9EJENhxYvVyS",
        "ownStake": "0",
        "rewardPoints": "0",
        "stakers": Array [],
        "stashAccount": "DKUQiUWNPGvGYrgaxWqduJVRqWUYXUeKprX9EJENhxYvVyS",
        "totalStake": "0",
      },
      Object {
        "commission": "0",
        "controllerAccount": "DTMCVLVqNj5L3kpuftg49bY9xozwhRyF52sEHdBySbpbPkt",
        "ownStake": "0",
        "rewardPoints": "0",
        "stakers": Array [],
        "stashAccount": "DTMCVLVqNj5L3kpuftg49bY9xozwhRyF52sEHdBySbpbPkt",
        "totalStake": "0",
      },
      Object {
        "commission": "0",
        "controllerAccount": "H6bJZpE7PTFZgkLWGbeP3D1PqPGsFGqYAArFYa3ksCskmbt",
        "ownStake": "0",
        "rewardPoints": "0",
        "stakers": Array [],
        "stashAccount": "H6bJZpE7PTFZgkLWGbeP3D1PqPGsFGqYAArFYa3ksCskmbt",
        "totalStake": "0",
      },
      Object {
        "commission": "0",
        "controllerAccount": "DT4PrinR6QzRnHoyytTtGc43Euy44siRJ4F4QyHTFGe7zuP",
        "ownStake": "0",
        "rewardPoints": "0",
        "stakers": Array [],
        "stashAccount": "FBichC4g5HBmdWCu3ebdADWQbvjbN7KdodNKWBYpLFgxCcd",
        "totalStake": "0",
      },
      Object {
        "commission": "0",
        "controllerAccount": "GXX9FusH14LKQZyaKsgwaxUMk4bf6oNtT7uXfTQdBnNmuSQ",
        "ownStake": "0",
        "rewardPoints": "0",
        "stakers": Array [],
        "stashAccount": "Cp4U5UYg2FaVUpyEtQgfBm9aqge6EEPkJxEFVZFYy7L1AZF",
        "totalStake": "0",
      },
      Object {
        "commission": "0",
        "controllerAccount": "GLJFAH4kx8eCqZQB3tbpha4cdMau5gnvwn5gKFCzkh2KfpT",
        "ownStake": "0",
        "rewardPoints": "0",
        "stakers": Array [],
        "stashAccount": "GweeXog8vdnDhjiBCLVvbE4NA4CPTFS3pdFFAFwgZzpUzKu",
        "totalStake": "0",
      },
      Object {
        "commission": "0",
        "controllerAccount": "GFR16KpdcT1ykqN3j7RqMfywfUBoeCRf26hu8mPnBmFD4T5",
        "ownStake": "0",
        "rewardPoints": "0",
        "stakers": Array [],
        "stashAccount": "GFR16KpdcT1ykqN3j7RqMfywfUBoeCRf26hu8mPnBmFD4T5",
        "totalStake": "0",
      },
      Object {
        "commission": "0",
        "controllerAccount": "GkXpHnvjw7GQPTwMzy3d4MyZv8j2zFgiTtw1aqwfLhHdWqu",
        "ownStake": "0",
        "rewardPoints": "0",
        "stakers": Array [],
        "stashAccount": "GkXpHnvjw7GQPTwMzy3d4MyZv8j2zFgiTtw1aqwfLhHdWqu",
        "totalStake": "0",
      },
      Object {
        "commission": "0",
        "controllerAccount": "H9R6HgnZKtrcfBJP2M6WCvLJvp72Q96eURbCxmj6KCFVWjh",
        "ownStake": "0",
        "rewardPoints": "0",
        "stakers": Array [],
        "stashAccount": "H9R6HgnZKtrcfBJP2M6WCvLJvp72Q96eURbCxmj6KCFVWjh",
        "totalStake": "0",
      },
      Object {
        "commission": "0",
        "controllerAccount": "FkPebU73L38SSjocPETYetv5P51FQcTNDaChjmbK811hr3D",
        "ownStake": "0",
        "rewardPoints": "0",
        "stakers": Array [],
        "stashAccount": "GeYJhboY5bEc5WZFbrdxhEF9m6Y4NnbKzfCu1rBHxGWgviK",
        "totalStake": "0",
      },
      Object {
        "commission": "0",
        "controllerAccount": "Dm38nyWQsxjS5adN3MzoX1Mu6j38KMZcWSzfMMmmXwsV9Cu",
        "ownStake": "0",
        "rewardPoints": "0",
        "stakers": Array [],
        "stashAccount": "CczSz9z41uHpftVviWz91TgjLe3SmbvXfbAc958cjy7F6Qs",
        "totalStake": "0",
      },
      Object {
        "commission": "0",
        "controllerAccount": "FRbyyQ55VCnCA3zXPjibseiAYKPhpVo5cDVFaboKw182qYb",
        "ownStake": "0",
        "rewardPoints": "0",
        "stakers": Array [],
        "stashAccount": "FRbyyQ55VCnCA3zXPjibseiAYKPhpVo5cDVFaboKw182qYb",
        "totalStake": "0",
      },
      Object {
        "commission": "0",
        "controllerAccount": "Eq8S3bWcWof9aTfzr2ydadgsbg4NN5HwgzuL1k5psQqd2M2",
        "ownStake": "0",
        "rewardPoints": "0",
        "stakers": Array [],
        "stashAccount": "GAfhRsNqB9hwEmRFPhMZCvicFJ1kVtRF3UChYyKHq612ZV9",
        "totalStake": "0",
      },
      Object {
        "commission": "0",
        "controllerAccount": "Db2P54HPMkR8kqbP5RfWuXRFKhZ8NLQ77aT7VBZYfpKqTGP",
        "ownStake": "0",
        "rewardPoints": "0",
        "stakers": Array [],
        "stashAccount": "Db2P54HPMkR8kqbP5RfWuXRFKhZ8NLQ77aT7VBZYfpKqTGP",
        "totalStake": "0",
      },
      Object {
        "commission": "0",
        "controllerAccount": "Ht9xLcmJMtugzBGwXMF1RYTAetozUWMu5Y1F8q7wXWWqFkX",
        "ownStake": "0",
        "rewardPoints": "0",
        "stakers": Array [],
        "stashAccount": "CgHWHcdfxvDvbaJG1BADSME12btwNnds1W4iff688h4dYH8",
        "totalStake": "0",
      },
      Object {
        "commission": "0",
        "controllerAccount": "DFb3pBAtvKZkWmy6uD4yMw4Xty6udjMXTynuGsgHhSwiMCH",
        "ownStake": "0",
        "rewardPoints": "0",
        "stakers": Array [],
        "stashAccount": "HTrpbES27bqMvCioQGHpmJbBzwji6V5DeuXUfB1gsZ5Vkh1",
        "totalStake": "0",
      },
      Object {
        "commission": "0",
        "controllerAccount": "Cn5JwarKR2UNquGmts3M7VuRmxTtZd6RKEntjzHaypWaYxt",
        "ownStake": "0",
        "rewardPoints": "0",
        "stakers": Array [],
        "stashAccount": "Cn5JwarKR2UNquGmts3M7VuRmxTtZd6RKEntjzHaypWaYxt",
        "totalStake": "0",
      },
      Object {
        "commission": "0",
        "controllerAccount": "FUzSoTz1gqjY4uj2zyJ4kqNE4H53uhJE1VatL9rV8kx7sfM",
        "ownStake": "0",
        "rewardPoints": "0",
        "stakers": Array [],
        "stashAccount": "EtJ4HxHYEDvYWRJAdmV4hYpTbGMJCmEgnLC8zAf6u5ZyT7C",
        "totalStake": "0",
      },
      Object {
        "commission": "0",
        "controllerAccount": "CaQzMQLPezoX7Vt71ZT4jA9q378mxWKaempUEMVHyYBmPfN",
        "ownStake": "0",
        "rewardPoints": "0",
        "stakers": Array [],
        "stashAccount": "HJ1dGPxVr13KHGiCTGQfZjZMKGc8J52CsHEjcEXNMDyeGxf",
        "totalStake": "0",
      },
      Object {
        "commission": "0",
        "controllerAccount": "FhhenY3zGUWurDD36EoRpg6WSjbGb9ZdM5PV9e9fHDNaAbM",
        "ownStake": "0",
        "rewardPoints": "0",
        "stakers": Array [],
        "stashAccount": "Fk3yTFztZdZa4a7yBpisz9ceMyjgYLtZ9CKSCfFNVhoW2ZC",
        "totalStake": "0",
      },
      Object {
        "commission": "0",
        "controllerAccount": "E58yuhUAwWzhn2V4thF3VciAJU75eePPipMhxWZe9JKVVfq",
        "ownStake": "0",
        "rewardPoints": "0",
        "stakers": Array [],
        "stashAccount": "E58yuhUAwWzhn2V4thF3VciAJU75eePPipMhxWZe9JKVVfq",
        "totalStake": "0",
      },
      Object {
        "commission": "0",
        "controllerAccount": "EdEQVcrr4pvzDLdb5xFkncKYhCE6uyuE1eKRTqg4PDvBgMa",
        "ownStake": "0",
        "rewardPoints": "0",
        "stakers": Array [],
        "stashAccount": "EdEQVcrr4pvzDLdb5xFkncKYhCE6uyuE1eKRTqg4PDvBgMa",
        "totalStake": "0",
      },
      Object {
        "commission": "0",
        "controllerAccount": "GXTJJh2kQJoS9amET2WmZ82uFkm7HYCScoP9bEDV5JyKsWE",
        "ownStake": "0",
        "rewardPoints": "0",
        "stakers": Array [],
        "stashAccount": "GXTJJh2kQJoS9amET2WmZ82uFkm7HYCScoP9bEDV5JyKsWE",
        "totalStake": "0",
      },
      Object {
        "commission": "0",
        "controllerAccount": "Faa8iXWy2wxo7ryLEhGCNeb55d8rnVy9SN25NiCmmqP6QMV",
        "ownStake": "0",
        "rewardPoints": "0",
        "stakers": Array [],
        "stashAccount": "Faa8iXWy2wxo7ryLEhGCNeb55d8rnVy9SN25NiCmmqP6QMV",
        "totalStake": "0",
      },
      Object {
        "commission": "0",
        "controllerAccount": "JLvqETGy8HmVgE8XBJA1FX1Btjr4GKgYT4d9AGWhzr6AYBa",
        "ownStake": "0",
        "rewardPoints": "0",
        "stakers": Array [],
        "stashAccount": "F4LocUbsPrcC8xVap4wiTgDakzn3xFyXneuYDHRaHxnb6dH",
        "totalStake": "0",
      },
      Object {
        "commission": "0",
        "controllerAccount": "DGXRH6sBZoBXWsCBsDHFuaZ3Tj9SNwSHZZEwqaUAWviREg7",
        "ownStake": "0",
        "rewardPoints": "0",
        "stakers": Array [],
        "stashAccount": "FX7rJbfiTFCqBuCWHLgR8SosDyZh842nv79mdQF4vxnZrhS",
        "totalStake": "0",
      },
      Object {
        "commission": "0",
        "controllerAccount": "Eo4boG437k7gFy75VqPrWP5gHSGi9Sm6CZzLFFsCGYaSPzM",
        "ownStake": "0",
        "rewardPoints": "0",
        "stakers": Array [],
        "stashAccount": "Eo4boG437k7gFy75VqPrWP5gHSGi9Sm6CZzLFFsCGYaSPzM",
        "totalStake": "0",
      },
      Object {
        "commission": "0",
        "controllerAccount": "CgJANN2C2svVLFjMGQ6pxJU48wLbZw3rV5XeWKhN6z5AiTd",
        "ownStake": "0",
        "rewardPoints": "0",
        "stakers": Array [],
        "stashAccount": "JKjFSGnsXeqhhPgvBmKb6vUnrTZHu17eydEDnpcorCnZXLG",
        "totalStake": "0",
      },
      Object {
        "commission": "0",
        "controllerAccount": "DKing6ZyCJF8NdFYUnAkxkf1vgcXUTFRqu5Hg7miwQ5k1Uf",
        "ownStake": "0",
        "rewardPoints": "0",
        "stakers": Array [],
        "stashAccount": "DKinge6g7FNNj3hJZJUze6GByxkLR7ipCqrnuSQKGRMg37G",
        "totalStake": "0",
      },
      Object {
        "commission": "0",
        "controllerAccount": "JEjTs3ovyrz2qBgD2ecEVLGA8L4ndM52npzMt9g2XeiobAJ",
        "ownStake": "0",
        "rewardPoints": "0",
        "stakers": Array [],
        "stashAccount": "GCNHHRBtpDcgADCaRPMNNk52JiitGrcv3DMQxwE6owXAfbt",
        "totalStake": "0",
      },
      Object {
        "commission": "0",
        "controllerAccount": "FMZMMsnkzoUdXMC4bBokH72kx6CwvsL2sXb2yVTpCeiCuMf",
        "ownStake": "0",
        "rewardPoints": "0",
        "stakers": Array [],
        "stashAccount": "FpVmbKAqwoQaTBGwrTGsSu4nN1PCGY8XrQa4AaJVuzyVhh2",
        "totalStake": "0",
      },
      Object {
        "commission": "0",
        "controllerAccount": "GCiTn1UJQT9TE5iamqoKweVoWGRZr9DF8uKXL4cG98fXczf",
        "ownStake": "0",
        "rewardPoints": "0",
        "stakers": Array [],
        "stashAccount": "GCiTn1UJQT9TE5iamqoKweVoWGRZr9DF8uKXL4cG98fXczf",
        "totalStake": "0",
      },
      Object {
        "commission": "0",
        "controllerAccount": "FJRkRqRZhweKAjRRjLiF38JgGjk6FPEYCeNwBySB1QyPZXo",
        "ownStake": "0",
        "rewardPoints": "0",
        "stakers": Array [],
        "stashAccount": "F7Wa1su7NRSr6LWuhPWdXcQALDyzm8Vmev7WtV5jVPtJELs",
        "totalStake": "0",
      },
      Object {
        "commission": "0",
        "controllerAccount": "GvZhxWRZc2NzpJ7KA74gPnCmxbEq3nrFJ2jbNNP2xdWCDTB",
        "ownStake": "0",
        "rewardPoints": "0",
        "stakers": Array [],
        "stashAccount": "GvZhxWRZc2NzpJ7KA74gPnCmxbEq3nrFJ2jbNNP2xdWCDTB",
        "totalStake": "0",
      },
      Object {
        "commission": "0",
        "controllerAccount": "Hqa9LGT3qF96agPYYbdfmUzh5P94MX9sqfF1WN4JnfRRVir",
        "ownStake": "0",
        "rewardPoints": "0",
        "stakers": Array [],
        "stashAccount": "Hqa9LGT3qF96agPYYbdfmUzh5P94MX9sqfF1WN4JnfRRVir",
        "totalStake": "0",
      },
      Object {
        "commission": "0",
        "controllerAccount": "CtSmAuTrqZJuX4ZJ39VRxDH6RKjYoRB4du43gZGDBoLF5C3",
        "ownStake": "0",
        "rewardPoints": "0",
        "stakers": Array [],
        "stashAccount": "Eo9RxTKq2WppUvRRycUmLFHJvHtBVoxURhDe78ZKmjoJfWN",
        "totalStake": "0",
      },
      Object {
        "commission": "0",
        "controllerAccount": "H1RDfa5n8xaWxMf3EYkXvJGdXDvDE7KgyujP4HnPdo7a88a",
        "ownStake": "0",
        "rewardPoints": "0",
        "stakers": Array [],
        "stashAccount": "FJ68vDYXj1A7QxHKf6j7qcCdShrU2o5A2sZ3y5w4Rst2d3a",
        "totalStake": "0",
      },
      Object {
        "commission": "0",
        "controllerAccount": "FiBHHbxDiVysvn5YBV78YFVUUykZRfQYhjxymu8VXnTqNMr",
        "ownStake": "0",
        "rewardPoints": "0",
        "stakers": Array [],
        "stashAccount": "FiBHHbxDiVysvn5YBV78YFVUUykZRfQYhjxymu8VXnTqNMr",
        "totalStake": "0",
      },
      Object {
        "commission": "0",
        "controllerAccount": "G7mWyu1Pom5XreLHUzDEcvFp6WaMuLuo4QKxtDB9yJZnH69",
        "ownStake": "0",
        "rewardPoints": "0",
        "stakers": Array [],
        "stashAccount": "G7mWyu1Pom5XreLHUzDEcvFp6WaMuLuo4QKxtDB9yJZnH69",
        "totalStake": "0",
      },
      Object {
        "commission": "0",
        "controllerAccount": "JFQKbP8Rui2YYa9u4jiZdz6SGNGjKtLFcPsBRSaEFeQk7xT",
        "ownStake": "0",
        "rewardPoints": "0",
        "stakers": Array [],
        "stashAccount": "FMQUdmpAgZmLMG8TWeZTs8cpMchZrB9WGbJQQf83HaCnwYB",
        "totalStake": "0",
      },
      Object {
        "commission": "0",
        "controllerAccount": "GbpLB9AZwVBBfecbMoTv3HCVb6irwN6y5YeA7uDNoUuRFrL",
        "ownStake": "0",
        "rewardPoints": "0",
        "stakers": Array [],
        "stashAccount": "GbpLB9AZwVBBfecbMoTv3HCVb6irwN6y5YeA7uDNoUuRFrL",
        "totalStake": "0",
      },
      Object {
        "commission": "0",
        "controllerAccount": "CbJafnEh2m9ohsBuWgjgbqdKFFNkoL36gJ8NZ8kiJmR4AQi",
        "ownStake": "0",
        "rewardPoints": "0",
        "stakers": Array [],
        "stashAccount": "DNDBcYD8zzqAoZEtgNzouVp2sVxsvqzD4UdB5WrAUwjqpL8",
        "totalStake": "0",
      },
      Object {
        "commission": "0",
        "controllerAccount": "ErVvRnhXrJS7W9rTtnDECpZTFyLACtDcXEPtzEyYw4b8zcg",
        "ownStake": "0",
        "rewardPoints": "0",
        "stakers": Array [],
        "stashAccount": "ErVvRnhXrJS7W9rTtnDECpZTFyLACtDcXEPtzEyYw4b8zcg",
        "totalStake": "0",
      },
      Object {
        "commission": "0",
        "controllerAccount": "GaKSMadBVmaov99WwDDcNZtHCk9gDj3M8m3jGo4Kbz3cjvL",
        "ownStake": "0",
        "rewardPoints": "0",
        "stakers": Array [],
        "stashAccount": "Cdaq3iUobZLYD2d8oqRQf1VKuRo6H64KsMBgJyxap4ZnARX",
        "totalStake": "0",
      },
      Object {
        "commission": "0",
        "controllerAccount": "ERhmZRXi5yvXLrP8SQYxNDaXY9gGYqYaqnqx4ZL89ra7SfB",
        "ownStake": "0",
        "rewardPoints": "0",
        "stakers": Array [],
        "stashAccount": "FmQHyUXoRkGTRySqVUy7NBAVhkKFvTtRtkzVTjZgBzbDzum",
        "totalStake": "0",
      },
      Object {
        "commission": "0",
        "controllerAccount": "FhmaBgRFjZYFUWJp91ZHUbuW2Dm32VH4BVhnRQJqfpMmEok",
        "ownStake": "0",
        "rewardPoints": "0",
        "stakers": Array [],
        "stashAccount": "FhmaBgRFjZYFUWJp91ZHUbuW2Dm32VH4BVhnRQJqfpMmEok",
        "totalStake": "0",
      },
      Object {
        "commission": "0",
        "controllerAccount": "Gw65cFWAS7eSmqTx6jPvGD1wExgToNkbPjKLHkvbJLC7az5",
        "ownStake": "0",
        "rewardPoints": "0",
        "stakers": Array [],
        "stashAccount": "Gw65cFWAS7eSmqTx6jPvGD1wExgToNkbPjKLHkvbJLC7az5",
        "totalStake": "0",
      },
      Object {
        "commission": "0",
        "controllerAccount": "FAtJupteW5urNYVQvUcLaw2X9xtdwjumK2gvJpuBnAwFHvq",
        "ownStake": "0",
        "rewardPoints": "0",
        "stakers": Array [],
        "stashAccount": "FAtJupteW5urNYVQvUcLaw2X9xtdwjumK2gvJpuBnAwFHvq",
        "totalStake": "0",
      },
      Object {
        "commission": "0",
        "controllerAccount": "EMa2d6yYb3CPxyArDCzsMfngnDKUbRL6QdogfYAPKZmmN1E",
        "ownStake": "0",
        "rewardPoints": "0",
        "stakers": Array [],
        "stashAccount": "EMa2d6yYb3CPxyArDCzsMfngnDKUbRL6QdogfYAPKZmmN1E",
        "totalStake": "0",
      },
      Object {
        "commission": "0",
        "controllerAccount": "EdMEEeBcmQehGJSmue8ZqgC1G6d6AEsVxdCNgQ24eHA2omw",
        "ownStake": "0",
        "rewardPoints": "0",
        "stakers": Array [],
        "stashAccount": "EdMEEeBcmQehGJSmue8ZqgC1G6d6AEsVxdCNgQ24eHA2omw",
        "totalStake": "0",
      },
      Object {
        "commission": "0",
        "controllerAccount": "FMMwNdHXu6jUsg2gzQvPvih3aD7z2QmdPhUA4kZSFAA32Ak",
        "ownStake": "0",
        "rewardPoints": "0",
        "stakers": Array [],
        "stashAccount": "ESRBbWstgpPV1pVBsqjMo717rA8HLrtQvEUVwAGeFZyKcia",
        "totalStake": "0",
      },
      Object {
        "commission": "0",
        "controllerAccount": "GkseUwH9EEPHmh32ZeuXqDqGoJ8ECGt4aaZh5WHtvqf3q8J",
        "ownStake": "0",
        "rewardPoints": "0",
        "stakers": Array [],
        "stashAccount": "FFdDXFK1VKG5QgjvqwxdVjo8hGrBveaBFfHnWyz1MAmLL82",
        "totalStake": "0",
      },
      Object {
        "commission": "0",
        "controllerAccount": "Ed6JFR7JmeGtmrubAbXtJRjq9FPWhGRWMdmYnLRcsqaabT8",
        "ownStake": "0",
        "rewardPoints": "0",
        "stakers": Array [],
        "stashAccount": "Ed6JFR7JmeGtmrubAbXtJRjq9FPWhGRWMdmYnLRcsqaabT8",
        "totalStake": "0",
      },
      Object {
        "commission": "0",
        "controllerAccount": "HvjQwyG8NDFSD3ZP7VTbfBXHw4mZZd7LRMTcaj9TdfLynzu",
        "ownStake": "0",
        "rewardPoints": "0",
        "stakers": Array [],
        "stashAccount": "HvjQwyG8NDFSD3ZP7VTbfBXHw4mZZd7LRMTcaj9TdfLynzu",
        "totalStake": "0",
      },
      Object {
        "commission": "0",
        "controllerAccount": "ED8SS6LiptDbQZDrHCE1heKjrK6KRUz4xV95PgSba8JUvh3",
        "ownStake": "0",
        "rewardPoints": "0",
        "stakers": Array [],
        "stashAccount": "ED8SS6LiptDbQZDrHCE1heKjrK6KRUz4xV95PgSba8JUvh3",
        "totalStake": "0",
      },
      Object {
        "commission": "0",
        "controllerAccount": "Fd43Q1Wp89RvXPALMxgMZTinaqkiuPn9SxXh1LKWSWdNiZE",
        "ownStake": "0",
        "rewardPoints": "0",
        "stakers": Array [],
        "stashAccount": "EviBmmkq5o5ak2jUo71SPuDEdwGTr8Yz8U5tXBgF6fy8kKV",
        "totalStake": "0",
      },
      Object {
        "commission": "0",
        "controllerAccount": "Ff3fQwCmAJcaEjL2jcJQkQ9CssRhm6FNRHGynmzHCkQqaw9",
        "ownStake": "0",
        "rewardPoints": "0",
        "stakers": Array [],
        "stashAccount": "FcjmeNzPk3vgdENm1rHeiMCxFK96beUoi2kb59FmCoZtkGF",
        "totalStake": "0",
      },
      Object {
        "commission": "0",
        "controllerAccount": "Ho6qaTrFfy14TDwKKuYKEhs3mPw6qyah4pYKy27ApPcvwjF",
        "ownStake": "0",
        "rewardPoints": "0",
        "stakers": Array [],
        "stashAccount": "FCTjWUUptm1vNLLDp9HBgA5tN7hzEX866RD5aVQkQhrQziL",
        "totalStake": "0",
      },
      Object {
        "commission": "0",
        "controllerAccount": "GSWsxFWwvfpppd4q5iBa3fiBp3twEGvtYZFWNRVF17And24",
        "ownStake": "0",
        "rewardPoints": "0",
        "stakers": Array [],
        "stashAccount": "GSWsxFWwvfpppd4q5iBa3fiBp3twEGvtYZFWNRVF17And24",
        "totalStake": "0",
      },
      Object {
        "commission": "0",
        "controllerAccount": "J6xn7Mr8pfed6gvvRPZ8HEEb89RCwheTBtxymg9Xw36hUUS",
        "ownStake": "0",
        "rewardPoints": "0",
        "stakers": Array [],
        "stashAccount": "J6xn7Mr8pfed6gvvRPZ8HEEb89RCwheTBtxymg9Xw36hUUS",
        "totalStake": "0",
      },
      Object {
        "commission": "0",
        "controllerAccount": "D6BwPgncmLTxkC2fPa32QitUuDKDarbw4QYZPQaf1w4Yn5q",
        "ownStake": "0",
        "rewardPoints": "0",
        "stakers": Array [],
        "stashAccount": "Gh2cm56nMokKQ4frPx7r7UsXtimH6ckaXyKKogGn5dQ3yrD",
        "totalStake": "0",
      },
      Object {
        "commission": "0",
        "controllerAccount": "EZu6BFiirLjguLgF35Uz6Hm42z5fjKNjQh2zheipNRowHPr",
        "ownStake": "0",
        "rewardPoints": "0",
        "stakers": Array [],
        "stashAccount": "EZu6BFiirLjguLgF35Uz6Hm42z5fjKNjQh2zheipNRowHPr",
        "totalStake": "0",
      },
      Object {
        "commission": "0",
        "controllerAccount": "E8MhgpapcCqr5tnT5xmJnYX8Kuc85HaM4T2q23Cf3iqQCrX",
        "ownStake": "0",
        "rewardPoints": "0",
        "stakers": Array [],
        "stashAccount": "E8MhgpapcCqr5tnT5xmJnYX8Kuc85HaM4T2q23Cf3iqQCrX",
        "totalStake": "0",
      },
      Object {
        "commission": "0",
        "controllerAccount": "HZyNLDnXpPrFwnT8bojZVyFkkR361HmVhVoB6VWU7rbT93o",
        "ownStake": "0",
        "rewardPoints": "0",
        "stakers": Array [],
        "stashAccount": "CdEm1ErGKML3waXabLvn3NyqdAGXBQJVngLaM86YM5Yb9dr",
        "totalStake": "0",
      },
      Object {
        "commission": "0",
        "controllerAccount": "FD3A8DXs16wGvcoi9stjpwz2pmxXFymTkVyVM4Tq5z6LWCK",
        "ownStake": "0",
        "rewardPoints": "0",
        "stakers": Array [],
        "stashAccount": "FD3A8DXs16wGvcoi9stjpwz2pmxXFymTkVyVM4Tq5z6LWCK",
        "totalStake": "0",
      },
      Object {
        "commission": "0",
        "controllerAccount": "FAYyBS6arn3X4fvtdybaBUdw5zqVsv3PPwRXXXYRTzTGFDv",
        "ownStake": "0",
        "rewardPoints": "0",
        "stakers": Array [],
        "stashAccount": "FAYyBS6arn3X4fvtdybaBUdw5zqVsv3PPwRXXXYRTzTGFDv",
        "totalStake": "0",
      },
      Object {
        "commission": "0",
        "controllerAccount": "JJ2VvJMZxxW2pst7z6zxrD4VVPhH6YtemYsLeKWeQ9MKX3n",
        "ownStake": "0",
        "rewardPoints": "0",
        "stakers": Array [],
        "stashAccount": "JJ2VvJMZxxW2pst7z6zxrD4VVPhH6YtemYsLeKWeQ9MKX3n",
        "totalStake": "0",
      },
      Object {
        "commission": "0",
        "controllerAccount": "FqTsyanAoxbBCB4WHUNdEENh4voKbeF9qjutqjSrNBosdC7",
        "ownStake": "0",
        "rewardPoints": "0",
        "stakers": Array [],
        "stashAccount": "HedLwr1CHmab4QAyoVtxub6kdZDT2YkPDaXawpwfhuCVFjN",
        "totalStake": "0",
      },
      Object {
        "commission": "0",
        "controllerAccount": "FJaSzBUAJ1Nwa1u5TbKAFZG5MBtcUouTixdP7hAkmce2SDS",
        "ownStake": "0",
        "rewardPoints": "0",
        "stakers": Array [],
        "stashAccount": "FJaSzBUAJ1Nwa1u5TbKAFZG5MBtcUouTixdP7hAkmce2SDS",
        "totalStake": "0",
      },
      Object {
        "commission": "0",
        "controllerAccount": "H9bhxgaMbND1u7TXxmMpcQCTiLfQtGmdmwAyKkRnKsndSXa",
        "ownStake": "0",
        "rewardPoints": "0",
        "stakers": Array [],
        "stashAccount": "H9bhxgaMbND1u7TXxmMpcQCTiLfQtGmdmwAyKkRnKsndSXa",
        "totalStake": "0",
      },
      Object {
        "commission": "0",
        "controllerAccount": "FKsMA8YiXUaCoJSCGtMkPiaTySh21K3ixAPxBo9bs7scahZ",
        "ownStake": "0",
        "rewardPoints": "0",
        "stakers": Array [],
        "stashAccount": "G7Ur4BnMSfP2qE7ruSob5gwGQ5nzkGWu7Yqh14FcMqnDtgB",
        "totalStake": "0",
      },
      Object {
        "commission": "0",
        "controllerAccount": "Few2tfYD3wfyQXPCVkiqK8UGfuj5FK6ecadwfAmJQHBtASX",
        "ownStake": "0",
        "rewardPoints": "0",
        "stakers": Array [],
        "stashAccount": "Few2tfYD3wfyQXPCVkiqK8UGfuj5FK6ecadwfAmJQHBtASX",
        "totalStake": "0",
      },
      Object {
        "commission": "0",
        "controllerAccount": "Ho87avwNaJZf12N8PXSHv8ee1yUDjo5kAkuYP8TPJ99jS8D",
        "ownStake": "0",
        "rewardPoints": "0",
        "stakers": Array [],
        "stashAccount": "Gnw2Lsi8VwYZCkHmpjFHcQ3S357oFcfmCpW6rYQbri9UHxu",
        "totalStake": "0",
      },
      Object {
        "commission": "0",
        "controllerAccount": "HHARzd4icVZULpMVEGZRiLhjfb3iDDohg1bdHRBusrMUvfd",
        "ownStake": "0",
        "rewardPoints": "0",
        "stakers": Array [],
        "stashAccount": "HHARzd4icVZULpMVEGZRiLhjfb3iDDohg1bdHRBusrMUvfd",
        "totalStake": "0",
      },
      Object {
        "commission": "0",
        "controllerAccount": "DbAdiLJQDFzLyaLsoFCzrpBLuaBXXqQKdpewUSxqiWJadmp",
        "ownStake": "0",
        "rewardPoints": "0",
        "stakers": Array [],
        "stashAccount": "DbAdiLJQDFzLyaLsoFCzrpBLuaBXXqQKdpewUSxqiWJadmp",
        "totalStake": "0",
      },
      Object {
        "commission": "0",
        "controllerAccount": "H9Sa5qnaiK1oiLDstHRvgH9G6p9sMZ2j82hHMdxaq2QeAKk",
        "ownStake": "0",
        "rewardPoints": "0",
        "stakers": Array [],
        "stashAccount": "EXtQYFeY2ivDsfazZvGC9aG87DxnhWH2f9kjUUq2pXTZKF5",
        "totalStake": "0",
      },
      Object {
        "commission": "0",
        "controllerAccount": "F3BPTmS1fExbuA3SnjNx4jLi5Ensc5hRnGNhY9onYw2ok2H",
        "ownStake": "0",
        "rewardPoints": "0",
        "stakers": Array [],
        "stashAccount": "F3BPTmS1fExbuA3SnjNx4jLi5Ensc5hRnGNhY9onYw2ok2H",
        "totalStake": "0",
      },
      Object {
        "commission": "0",
        "controllerAccount": "ESaTdKYYtRYhJbYjMzgKauNyZHbaNzx2vknC9eioqKusWSt",
        "ownStake": "0",
        "rewardPoints": "0",
        "stakers": Array [],
        "stashAccount": "ESaTdKYYtRYhJbYjMzgKauNyZHbaNzx2vknC9eioqKusWSt",
        "totalStake": "0",
      },
      Object {
        "commission": "0",
        "controllerAccount": "FzBBpxixSuZkeXxXeiUbvFYxcd3JAP5BEAcgDuhRudJTwmZ",
        "ownStake": "0",
        "rewardPoints": "0",
        "stakers": Array [],
        "stashAccount": "FzBBpxixSuZkeXxXeiUbvFYxcd3JAP5BEAcgDuhRudJTwmZ",
        "totalStake": "0",
      },
      Object {
        "commission": "0",
        "controllerAccount": "ELfygoT8ARNbC7Q9ygBjAva5FWGtFG6Yduw7cMQQQhGTv3X",
        "ownStake": "0",
        "rewardPoints": "0",
        "stakers": Array [],
        "stashAccount": "E8QEnkMMyWWrHPTbA7jo547SpkoGcE6yoTXHmrQeXY2sGnT",
        "totalStake": "0",
      },
      Object {
        "commission": "0",
        "controllerAccount": "EonK7NScfhd7ZRfgnLhm4cKRFJWK1z59zPximUZRg8VjHQj",
        "ownStake": "0",
        "rewardPoints": "0",
        "stakers": Array [],
        "stashAccount": "EonK7NScfhd7ZRfgnLhm4cKRFJWK1z59zPximUZRg8VjHQj",
        "totalStake": "0",
      },
      Object {
        "commission": "0",
        "controllerAccount": "DaWieD32YURfqDC2jiQYbnXNWvPPGxF6XLH55Gk3ccBdjFy",
        "ownStake": "0",
        "rewardPoints": "0",
        "stakers": Array [],
        "stashAccount": "DaWieD32YURfqDC2jiQYbnXNWvPPGxF6XLH55Gk3ccBdjFy",
        "totalStake": "0",
      },
      Object {
        "commission": "0",
        "controllerAccount": "HshTdrZiSJntTRh5oNytD2QuT38VDJHoGQmfcrtrZbViSGL",
        "ownStake": "0",
        "rewardPoints": "0",
        "stakers": Array [],
        "stashAccount": "HshTdrZiSJntTRh5oNytD2QuT38VDJHoGQmfcrtrZbViSGL",
        "totalStake": "0",
      },
      Object {
        "commission": "0",
        "controllerAccount": "Dmn4KUPZUCvDN5Qx8XZ6Ahn6wFSwvA3ZnRARXZZEiRzHdqj",
        "ownStake": "0",
        "rewardPoints": "0",
        "stakers": Array [],
        "stashAccount": "Dmn4KUPZUCvDN5Qx8XZ6Ahn6wFSwvA3ZnRARXZZEiRzHdqj",
        "totalStake": "0",
      },
      Object {
        "commission": "0",
        "controllerAccount": "GKingdaMdxF27cyivrwv9H2bbarqNbXSEtm72Qi9kWLUbi6",
        "ownStake": "0",
        "rewardPoints": "0",
        "stakers": Array [],
        "stashAccount": "GKingZDLzrPimpMMCxWYT7ck8jXra2vvNkCUztUwyDT2Qet",
        "totalStake": "0",
      },
      Object {
        "commission": "0",
        "controllerAccount": "DQ5V6AUuiq38SSVUWD3z4r83Q6gi2Hbnv4g8znG2NDSfMcM",
        "ownStake": "0",
        "rewardPoints": "0",
        "stakers": Array [],
        "stashAccount": "HCvogunioVVuAWEJDcM8gc7NuMTgZ4ZNe8NP4kCdNsTh7wD",
        "totalStake": "0",
      },
      Object {
        "commission": "0",
        "controllerAccount": "EdWNepHg6UUyqK433qDpBjJ4ZUmyvnoQPLDFs69dExG1Dii",
        "ownStake": "0",
        "rewardPoints": "0",
        "stakers": Array [],
        "stashAccount": "EdWNepHg6UUyqK433qDpBjJ4ZUmyvnoQPLDFs69dExG1Dii",
        "totalStake": "0",
      },
      Object {
        "commission": "0",
        "controllerAccount": "EJCFtMgC6gNveCoCTCrTghexNkUuPiFWcPRWvb4gYkGhxcr",
        "ownStake": "0",
        "rewardPoints": "0",
        "stakers": Array [],
        "stashAccount": "F2MAHHWRjbHnT7ZRxCohKeeYYNRojFDCXUH7TB5rEmvphBE",
        "totalStake": "0",
      },
      Object {
        "commission": "0",
        "controllerAccount": "Cs1jHXYHxZyWKsGPvYY1BknhLdpNa1iXGja4Kn8hQZs7BsH",
        "ownStake": "0",
        "rewardPoints": "0",
        "stakers": Array [],
        "stashAccount": "Cs1jHXYHxZyWKsGPvYY1BknhLdpNa1iXGja4Kn8hQZs7BsH",
        "totalStake": "0",
      },
      Object {
        "commission": "0",
        "controllerAccount": "FwPTgWjafLgtxoRHK7pkUc2NJ9YzD7wHeCny2fMk41T9jKW",
        "ownStake": "0",
        "rewardPoints": "0",
        "stakers": Array [],
        "stashAccount": "FwPTgWjafLgtxoRHK7pkUc2NJ9YzD7wHeCny2fMk41T9jKW",
        "totalStake": "0",
      },
      Object {
        "commission": "0",
        "controllerAccount": "FUfXiFsaoWbUeaWiWBDizP7VbTSLxMirbJEpLAk1g6YueJp",
        "ownStake": "0",
        "rewardPoints": "0",
        "stakers": Array [],
        "stashAccount": "FUfXiFsaoWbUeaWiWBDizP7VbTSLxMirbJEpLAk1g6YueJp",
        "totalStake": "0",
      },
      Object {
        "commission": "0",
        "controllerAccount": "CbUGzsM62GH58JQquUyLWAJbYWkTZ2Uf37UG2QCpxhSeCbW",
        "ownStake": "0",
        "rewardPoints": "0",
        "stakers": Array [],
        "stashAccount": "FhbVbN8VqQLnLkNX76nHAoBBDsC3Jych3k14WbUoJUBbGHr",
        "totalStake": "0",
      },
      Object {
        "commission": "0",
        "controllerAccount": "CrzGYAYYnguxoR5pGx4UbwLs2DkoxoLiLJd8kjZMQzDuq8r",
        "ownStake": "0",
        "rewardPoints": "0",
        "stakers": Array [],
        "stashAccount": "CrzGYAYYnguxoR5pGx4UbwLs2DkoxoLiLJd8kjZMQzDuq8r",
        "totalStake": "0",
      },
      Object {
        "commission": "0",
        "controllerAccount": "GF3U7iFCq1GCakSeHaDdoaAX6JsdfhJXy2VtiTwmSebxCF9",
        "ownStake": "0",
        "rewardPoints": "0",
        "stakers": Array [],
        "stashAccount": "FiHWU9AjN7z2no8zyiVEXtiTE46izxDgEcF1KM4r2r1GK59",
        "totalStake": "0",
      },
      Object {
        "commission": "0",
        "controllerAccount": "GxujeV9rVRqsQHMbTiAiHATuZyrcHC68ZUJHtqS4LufuWLk",
        "ownStake": "0",
        "rewardPoints": "0",
        "stakers": Array [],
        "stashAccount": "GxujeV9rVRqsQHMbTiAiHATuZyrcHC68ZUJHtqS4LufuWLk",
        "totalStake": "0",
      },
      Object {
        "commission": "0",
        "controllerAccount": "Fk6p456PTU6Sju2b83Cy8rU3NGFsXmWk9BrcqaMqhWW1jWf",
        "ownStake": "0",
        "rewardPoints": "0",
        "stakers": Array [],
        "stashAccount": "Fk6p456PTU6Sju2b83Cy8rU3NGFsXmWk9BrcqaMqhWW1jWf",
        "totalStake": "0",
      },
      Object {
        "commission": "0",
        "controllerAccount": "GA9YAVVeNdLsToSVa9beeEHtCUncqmT4Pov8h4faQQKR9Fv",
        "ownStake": "0",
        "rewardPoints": "0",
        "stakers": Array [],
        "stashAccount": "GA9YAVVeNdLsToSVa9beeEHtCUncqmT4Pov8h4faQQKR9Fv",
        "totalStake": "0",
      },
      Object {
        "commission": "0",
        "controllerAccount": "Cg133SGdt3SSYH59WNkF6kGSvodyRmBNNS8M9pbWEKDiUXv",
        "ownStake": "0",
        "rewardPoints": "0",
        "stakers": Array [],
        "stashAccount": "Hbh1PWzxAeBK8LfCvgajTCZWrJHJnzy7m4xoACN2zCZRUC2",
        "totalStake": "0",
      },
      Object {
        "commission": "0",
        "controllerAccount": "CoqysGbay3t3Q7hXgEmGJJquhYYpo8PqLwvW1WsUwR7KvXm",
        "ownStake": "0",
        "rewardPoints": "0",
        "stakers": Array [],
        "stashAccount": "CoqysGbay3t3Q7hXgEmGJJquhYYpo8PqLwvW1WsUwR7KvXm",
        "totalStake": "0",
      },
      Object {
        "commission": "0",
        "controllerAccount": "FP3ZrvuLb5Cg3mCBhTd8jScgF2tjDou6EXY5fY4WAVo1CTi",
        "ownStake": "0",
        "rewardPoints": "0",
        "stakers": Array [],
        "stashAccount": "FP3ZrvuLb5Cg3mCBhTd8jScgF2tjDou6EXY5fY4WAVo1CTi",
        "totalStake": "0",
      },
      Object {
        "commission": "0",
        "controllerAccount": "F1Cpm8YzZUkb9ssL1wcu7oi1Q2Z82YXpGmfUoADpWeqiDUu",
        "ownStake": "0",
        "rewardPoints": "0",
        "stakers": Array [],
        "stashAccount": "GHE9h164PjZzdpLVgMmiYUx3KJHxGvevUns6n8YN8KGMPVZ",
        "totalStake": "0",
      },
      Object {
        "commission": "0",
        "controllerAccount": "Gk6v5CXUy2cPMtVxXtN7ZUn7K5y7UFEm78xp98Uatjt2yuV",
        "ownStake": "0",
        "rewardPoints": "0",
        "stakers": Array [],
        "stashAccount": "Gk6v5CXUy2cPMtVxXtN7ZUn7K5y7UFEm78xp98Uatjt2yuV",
        "totalStake": "0",
      },
    ],
  },
}
`;
