// Jest Snapshot v1, https://goo.gl/fbAQLP

exports[`integration getByHeight returns a block that matches snapshot 1`] = `
Object {
  "validators": Array [
    Object {
      "online": true,
      "stashAccount": "E346pvnjqJrMhP34GGskn4HU9w6WQmrtvtpJA66xDj3Tq68",
    },
    Object {
      "online": true,
      "stashAccount": "D5Xo7N2jginhYchuMNud2dYtby899koFcaRo2YWNmUquo5H",
    },
    Object {
      "online": true,
      "stashAccount": "DGiLC1uvohfgHiirDtsr5HJRYXUFy9NdXj6YC6azcaRpvJZ",
    },
    Object {
      "online": true,
      "stashAccount": "EZ7uBY7ZLohavWAugjTSUVVSABLfad77S6RQf4pDe3cV9q4",
    },
    Object {
      "online": true,
      "stashAccount": "GhoRyTGK583sJec8aSiyyJCsP2PQXJ2RK7iPGUjLtuX8XCn",
    },
    Object {
      "online": true,
      "stashAccount": "DbuPiksDXhFFEWgjsEghUypTJjQKyULiNESYji3Gaose2NV",
    },
    Object {
      "online": true,
      "stashAccount": "F7BeW4g5ViG8xGJQAzguGPxiX9QNdoPNc3YqF1bV8d9XkVV",
    },
    Object {
      "online": true,
      "stashAccount": "GXTJJh2kQJoS9amET2WmZ82uFkm7HYCScoP9bEDV5JyKsWE",
    },
    Object {
      "online": true,
      "stashAccount": "DuRV4MSm54UoX3MpFe3P7rxjBFLfnKRThxG66s4n3yF8qbJ",
    },
    Object {
      "online": true,
      "stashAccount": "Db2P54HPMkR8kqbP5RfWuXRFKhZ8NLQ77aT7VBZYfpKqTGP",
    },
    Object {
      "online": true,
      "stashAccount": "EXkCSUQ6Z1hKvGWMNkUDKrTMVHRduQHWc8G6vgo4NccUmhU",
    },
    Object {
      "online": true,
      "stashAccount": "HeKaZXya7rPQq7h7KgKnb3jG7n7VBFPr7PFTFYd6ZQbZRiU",
    },
    Object {
      "online": true,
      "stashAccount": "E457XaKbj2yTB2URy8N4UuzmyuFRkcdxYs67UvSgVr7HyFb",
    },
    Object {
      "online": true,
      "stashAccount": "Ff9DYio1TgYTyDU9z8Howt9pXCnuUPmsCY1ijfLBxSsJahj",
    },
    Object {
      "online": true,
      "stashAccount": "GC8hwHbQ4TdbYJJPDS96G7Uj9bivnW5z56UEkqujjwhQPp5",
    },
    Object {
      "online": true,
      "stashAccount": "Eodfj4xjkw8ZFLLSS5RfP6vCMw8aM6qfM7BfeQMf6ivFWHy",
    },
    Object {
      "online": true,
      "stashAccount": "FzBBpxixSuZkeXxXeiUbvFYxcd3JAP5BEAcgDuhRudJTwmZ",
    },
    Object {
      "online": true,
      "stashAccount": "DSpbbk6HKKyS78c4KDLSxCetqbwnsemv2iocVXwNe2FAvWC",
    },
    Object {
      "online": true,
      "stashAccount": "F8DXBsUQrvVvL9AvkEqxykmy1AWcBcn2CqjG3nyzYRFVJeS",
    },
    Object {
      "online": true,
      "stashAccount": "Cvzb8Kjs7SJBbx8oXDJzm9Um5jjqxo22QSyXLijmiGhEAKH",
    },
    Object {
      "online": true,
      "stashAccount": "J2HVhQBYpx5PkyxHYLsp555pvWzc2zvGfNUnTwgzvRqVGqm",
    },
    Object {
      "online": true,
      "stashAccount": "EPehck28w8fjRZCqZ3VZA7XpwGeipuVU4ETSwv7GkF5BdcG",
    },
    Object {
      "online": true,
      "stashAccount": "Et5ne6GRrWZ178npoYdnG8RRU92gzqBiSRf4hTaU3Yonsf2",
    },
    Object {
      "online": true,
      "stashAccount": "FJaSzBUAJ1Nwa1u5TbKAFZG5MBtcUouTixdP7hAkmce2SDS",
    },
    Object {
      "online": true,
      "stashAccount": "EafgFRX24PTgJAjGoaDuQLXQiLX4daSFQQttzGVticSD18o",
    },
    Object {
      "online": true,
      "stashAccount": "GTzRQPzkcuynHgkEHhsPBFpKdh4sAacVRsnd8vYfPpTMeEY",
    },
    Object {
      "online": true,
      "stashAccount": "HeCK315sYXruJvZKB5uXtEBnpWwYHFaKfNNZ54G76Qr7Nkn",
    },
    Object {
      "online": true,
      "stashAccount": "CdvyGjJbfcgcHuTyJKLGUA9u3kypCaHpohCEeUXmbTKryPR",
    },
    Object {
      "online": true,
      "stashAccount": "Hnfd2bJ224FQugYsaDvoj4v46HJieMeLe9UQzWtUR7wf5dh",
    },
    Object {
      "online": true,
      "stashAccount": "HAGcVQikZmEEgBBaChwjTVdwdA53Qopg2AYUtqw738C5kUq",
    },
    Object {
      "online": true,
      "stashAccount": "DfiSM1qqP11ECaekbA64L2ENcsWEpGk8df8wf1LAfV2sBd4",
    },
    Object {
      "online": true,
      "stashAccount": "JHTXKwYBhRZKWPW3nbtwtfE8dfRDYCS65cJXueMhg11k4cs",
    },
    Object {
      "online": true,
      "stashAccount": "Fsspzse4QY1KqagdyrVqDt7cmVBr3HSVsfJ38WKgxsLVaXo",
    },
    Object {
      "online": true,
      "stashAccount": "DGC4rANssfdpry7FQFznHo2b3QbDHyQZM58esJU6RskB41y",
    },
    Object {
      "online": true,
      "stashAccount": "JLKcPk652UTtQfyrk7keyU6vqAEj5JXzDAvQdPxB1DJTnZ3",
    },
    Object {
      "online": true,
      "stashAccount": "DrkY92Yq67zJ7T8XWN7SAXbnNDJhzkADutwhhhPyW3tQKTw",
    },
    Object {
      "online": true,
      "stashAccount": "HA5jB52fFL1v4EoEHV4WgEiFZr7wGLiuBDZtSmnwKypvat7",
    },
    Object {
      "online": true,
      "stashAccount": "FyRaMYvPqpNGq6PFGCcUWcJJWKgEz29ZFbdsnoNAczC2wJZ",
    },
    Object {
      "online": true,
      "stashAccount": "H4V7fZJPLiGtBvQfsadb7oGfV1StiXJTuca76Daa449rz27",
    },
    Object {
      "online": true,
      "stashAccount": "GHE9h164PjZzdpLVgMmiYUx3KJHxGvevUns6n8YN8KGMPVZ",
    },
    Object {
      "online": true,
      "stashAccount": "GSWsxFWwvfpppd4q5iBa3fiBp3twEGvtYZFWNRVF17And24",
    },
    Object {
      "online": true,
      "stashAccount": "DimyMqRfrnqudRLVf5TxAM3T7X23PKvFDp85DDGabFKMQ2a",
    },
    Object {
      "online": true,
      "stashAccount": "F3BPTmS1fExbuA3SnjNx4jLi5Ensc5hRnGNhY9onYw2ok2H",
    },
    Object {
      "online": true,
      "stashAccount": "HqHeKZnc38rX2BJrmJiXfkqHUEUn56B9Nck6WgdiGeKUYBE",
    },
    Object {
      "online": true,
      "stashAccount": "Hqa9LGT3qF96agPYYbdfmUzh5P94MX9sqfF1WN4JnfRRVir",
    },
    Object {
      "online": true,
      "stashAccount": "D5NGokAYvFZmvFynjApN2DG4r1H1cQ9pyum7KC3KmtDYLkn",
    },
    Object {
      "online": true,
      "stashAccount": "Eg3bZatVC6aEnVnAjTiokiiECMH8dPVhw1vg5VB64VKgNrs",
    },
    Object {
      "online": true,
      "stashAccount": "GCiTn1UJQT9TE5iamqoKweVoWGRZr9DF8uKXL4cG98fXczf",
    },
    Object {
      "online": true,
      "stashAccount": "GiBnzCGFofhmAvsUv9FUShUb8YJYYwWex3ThQNkbDDNprS6",
    },
    Object {
      "online": true,
      "stashAccount": "GbpLB9AZwVBBfecbMoTv3HCVb6irwN6y5YeA7uDNoUuRFrL",
    },
    Object {
      "online": true,
      "stashAccount": "FKJNhxaXraoh85DRvChSzoDKHMAk9cZYxoq5LQW7uqeAQMD",
    },
    Object {
      "online": true,
      "stashAccount": "J4hAvZoHCviZSoPHoSwLida8cEkZR1NXJcGrcfx9saHTk7D",
    },
    Object {
      "online": true,
      "stashAccount": "EqyCQvYn1cHBdzFVQHQeL1nHDcxHhjWR8V48KbDyHyuyCGV",
    },
    Object {
      "online": true,
      "stashAccount": "F8PTaGuZQo5fgRBFuhNnhd5euFiR3KLQNMVhYD5BduPKpHr",
    },
    Object {
      "online": true,
      "stashAccount": "Faaf2qgwtaFum78U8TdEPnUd4u7HPk65cdaFj7KbEA6wi2Y",
    },
    Object {
      "online": true,
      "stashAccount": "FDDy3cQa7JXiChYU2xq1B2WUUJBpZpZ51qn2tiN1DqDMEpS",
    },
    Object {
      "online": true,
      "stashAccount": "Etij9aH36W1NjjWbR7wB5j41CmfpqAx8D4V4HCJhUydSH9Y",
    },
    Object {
      "online": true,
      "stashAccount": "DB2mp5nNhbFN86J9hxoAog8JALMhDXgwvWMxrRMLNUFMEY4",
    },
    Object {
      "online": true,
      "stashAccount": "EoeAhrhJv2p6Sg5T67mxkLwrPnjKbH7iZSh8q1JTyvELvrR",
    },
    Object {
      "online": true,
      "stashAccount": "HqGhgHg6YvnhaXSnaAUvyTDiR4FirB6Ssh2XNDedTzwCDv2",
    },
    Object {
      "online": true,
      "stashAccount": "Foc4anJqDfTMY3CvpCZzK9kUSudwc2oUTJ19K1E3JYFKy9j",
    },
    Object {
      "online": true,
      "stashAccount": "GX1P66n4ZfwrjuvJEJodRKLDh2HqfV7oSt7gASddYx9eTZ2",
    },
    Object {
      "online": true,
      "stashAccount": "GAfhRsNqB9hwEmRFPhMZCvicFJ1kVtRF3UChYyKHq612ZV9",
    },
    Object {
      "online": true,
      "stashAccount": "HgWWnAXFGikrPVD2FrZ6CRk7KnYdVDn7zVyye8hqFPMc5g1",
    },
    Object {
      "online": true,
      "stashAccount": "Fy58miDJmu4jBDR6ma79yBgFeHYESURoZkAAHVDEF8od64D",
    },
    Object {
      "online": true,
      "stashAccount": "HedLwr1CHmab4QAyoVtxub6kdZDT2YkPDaXawpwfhuCVFjN",
    },
    Object {
      "online": true,
      "stashAccount": "HWpid7FWbuA7GxN1yykrYqSe6cY3ybUaX3qErCoiiFDSqSh",
    },
    Object {
      "online": true,
      "stashAccount": "DEFQigjrErCANqTMiTRuy7BB5L46q9C36Bxqe41GV1yR6vA",
    },
    Object {
      "online": true,
      "stashAccount": "FXCgfz7AzQA1fNaUqubSgXxGh77sjWVVkypgueWLmAcwv79",
    },
    Object {
      "online": true,
      "stashAccount": "Few2tfYD3wfyQXPCVkiqK8UGfuj5FK6ecadwfAmJQHBtASX",
    },
    Object {
      "online": true,
      "stashAccount": "Gt6HqWBhdu4Sy1u8ASTbS1qf2Ac5gwdegwr8tWN8saMxPt5",
    },
    Object {
      "online": true,
      "stashAccount": "HpvND7GR7gZYd42wkrxuLT7XjtozV3BZQh2wBDkh8cc9KwH",
    },
    Object {
      "online": true,
      "stashAccount": "HqFz5RBczgtKrHQGav7DFZwSwrDXxKjLWc95mMDidVdfpwC",
    },
    Object {
      "online": true,
      "stashAccount": "HEpwKeogQb76ZWxDiRXoNpW8j1zuEQ5skcT2WSEPsU71khJ",
    },
    Object {
      "online": true,
      "stashAccount": "CczSz9z41uHpftVviWz91TgjLe3SmbvXfbAc958cjy7F6Qs",
    },
    Object {
      "online": true,
      "stashAccount": "FX7rJbfiTFCqBuCWHLgR8SosDyZh842nv79mdQF4vxnZrhS",
    },
    Object {
      "online": true,
      "stashAccount": "CmD9vaMYoiKe7HiFnfkftwvhKbxN9bhyjcDrfFRGbifJEG8",
    },
    Object {
      "online": true,
      "stashAccount": "EFjHdypk8xLf3ocDEFPaKFWVcfamH8mpvfUeXHvRWpSBk2M",
    },
    Object {
      "online": true,
      "stashAccount": "ErVvRnhXrJS7W9rTtnDECpZTFyLACtDcXEPtzEyYw4b8zcg",
    },
    Object {
      "online": true,
      "stashAccount": "Dmn4KUPZUCvDN5Qx8XZ6Ahn6wFSwvA3ZnRARXZZEiRzHdqj",
    },
    Object {
      "online": true,
      "stashAccount": "EUwcW86EFGDoDfUP2UJYuBwhCWC7cW9SdFH9cPh6UPBvBHj",
    },
    Object {
      "online": true,
      "stashAccount": "J1aHBD7YQ3xnSwgFJNokjsEo7NjLTf36ZEHD2LTpeo7KAq8",
    },
    Object {
      "online": true,
      "stashAccount": "FhmaBgRFjZYFUWJp91ZHUbuW2Dm32VH4BVhnRQJqfpMmEok",
    },
    Object {
      "online": true,
      "stashAccount": "CinNnPhc4aGFQb7FWhUpnfwCNwXN3brcnCR1MkazkstcDJa",
    },
    Object {
      "online": true,
      "stashAccount": "GS2zdq1zdxSPem4r6fhEPNZjFm9d9asm5qfQUkzB2ykbBAx",
    },
    Object {
      "online": true,
      "stashAccount": "FPRN9EfcCTswkRXfrkwoouep8uhVJRvMy1hnhB4Hb73biwK",
    },
    Object {
      "online": true,
      "stashAccount": "HWAGAxX2PAzNVg7w3ZyTprH5yvwbVwQ8rbWwuZxtQKbQupW",
    },
    Object {
      "online": true,
      "stashAccount": "EzR9J3Afvash2tYCk8ZZwPYyq3zy92adVUXKcYjbYN46JWL",
    },
    Object {
      "online": true,
      "stashAccount": "Hadx1N8xZq6tRtXWkm6s5madXTXqVhauDNmesZnpMYTufcv",
    },
    Object {
      "online": true,
      "stashAccount": "FLpAi7Zi4AB1JqJHWMrub4Umj4X73mZ5dAWE7Q6uS5e82pE",
    },
    Object {
      "online": true,
      "stashAccount": "Eksma7JmWh8DenpNKi2uCavwaKJ9QrJJbtcnmwJr3hbHSmC",
    },
    Object {
      "online": true,
      "stashAccount": "FagAVsTYT8QghxypUtLcfnmnnhPhPpf854UNuptpQKuNndK",
    },
    Object {
      "online": true,
      "stashAccount": "HP8qJ8P4u4W2QgsJ8jzVuSsjfFTT6orQomFD6eTRSGEbiTK",
    },
    Object {
      "online": true,
      "stashAccount": "D8BfryaM5xN62UuKUpLK5zbZEUSBtA76yP9YddQTKXi9pkB",
    },
    Object {
      "online": true,
      "stashAccount": "HRMhY2CtVMp2yVSieKvq8Y8FHAhRKrGGMd6MoQe3iN6uJ2D",
    },
    Object {
      "online": true,
      "stashAccount": "EXHRoKfGoCe414hrzYbG8SNCNVgBxSpu6rHUBkPNtZcj3om",
    },
    Object {
      "online": true,
      "stashAccount": "EGZEgucx8vTCSak5uBwwkPkZ7FiYCWYmhpMjWFupdMAq2BN",
    },
    Object {
      "online": true,
      "stashAccount": "DFaiE6wT1caQ9u7eLkuphVQqbywWKzYjm5vRsMgk43GSb84",
    },
    Object {
      "online": true,
      "stashAccount": "Eo9RxTKq2WppUvRRycUmLFHJvHtBVoxURhDe78ZKmjoJfWN",
    },
    Object {
      "online": true,
      "stashAccount": "Gth5jQA6v9EFbpqSPgXcsvpGSrbTdWwmBADnqa36ptjs5m5",
    },
    Object {
      "online": true,
      "stashAccount": "J6RoE9MSpnZhX7hniJAJjBCcTqpr49SNhLvaVeJgFd69TJZ",
    },
    Object {
      "online": true,
      "stashAccount": "FDGCEYyHNh7u5Wx5UbC98aHXeaJ7J4TwQPK8YtEQPTjp1Cz",
    },
    Object {
      "online": true,
      "stashAccount": "GLiebiQp5f6G5vNcc7BgRE9T3hrZSYDwP6evERn3hEczdaM",
    },
    Object {
      "online": true,
      "stashAccount": "EZu6BFiirLjguLgF35Uz6Hm42z5fjKNjQh2zheipNRowHPr",
    },
    Object {
      "online": true,
      "stashAccount": "ELvDjZdLvhbX6FpUbXEWoHbwbxFjxt4BCisp3YRh8UE4Jeu",
    },
    Object {
      "online": true,
      "stashAccount": "G543pxmwKNAbW2WepZW7Ss9Wgx9wuDQWcPyhk4eEzpzcibG",
    },
    Object {
      "online": true,
      "stashAccount": "FiBHHbxDiVysvn5YBV78YFVUUykZRfQYhjxymu8VXnTqNMr",
    },
    Object {
      "online": true,
      "stashAccount": "Fgqjkry96qFLpRqPZstNzgaqKXiVyrpzTqD55neMdW8PK6g",
    },
    Object {
      "online": true,
      "stashAccount": "DzFnjVVVwqgtviDZBJ58UPJubZQXUHgrYZ1vvYG9YKtrFPs",
    },
    Object {
      "online": true,
      "stashAccount": "H4oBKpy6PW6zns93rJvQTBWb3sKSpFw5Cf56zkaNGyjgbyc",
    },
    Object {
      "online": true,
      "stashAccount": "Gq4V2SSoTv2eyARrbeZ24YBDkudSuqdm7kDm8yYGk3kxEet",
    },
    Object {
      "online": true,
      "stashAccount": "GFR16KpdcT1ykqN3j7RqMfywfUBoeCRf26hu8mPnBmFD4T5",
    },
    Object {
      "online": true,
      "stashAccount": "F7Wa1su7NRSr6LWuhPWdXcQALDyzm8Vmev7WtV5jVPtJELs",
    },
    Object {
      "online": true,
      "stashAccount": "FmQHyUXoRkGTRySqVUy7NBAVhkKFvTtRtkzVTjZgBzbDzum",
    },
    Object {
      "online": true,
      "stashAccount": "JKjFSGnsXeqhhPgvBmKb6vUnrTZHu17eydEDnpcorCnZXLG",
    },
    Object {
      "online": true,
      "stashAccount": "GTUi6r2LEsf71zEQDnBvBvKskQcWvK66KRqcRbdmcczaadr",
    },
    Object {
      "online": true,
      "stashAccount": "Eg2z2dcScFf4foDN4Gxn6JoJ7JeDN1U7m49jNssUZMLtNrD",
    },
    Object {
      "online": true,
      "stashAccount": "FSETB7JeTuTsJBYzUcKBtHXBYtBft3pZ87FUxP2GaY4acFh",
    },
    Object {
      "online": true,
      "stashAccount": "FBichC4g5HBmdWCu3ebdADWQbvjbN7KdodNKWBYpLFgxCcd",
    },
    Object {
      "online": true,
      "stashAccount": "Ed6JFR7JmeGtmrubAbXtJRjq9FPWhGRWMdmYnLRcsqaabT8",
    },
    Object {
      "online": true,
      "stashAccount": "DTLcUu92NoQw4gg6VmNgXeYQiNywDhfYMQBPYg2Y1W6AkJF",
    },
    Object {
      "online": true,
      "stashAccount": "Gx5PVdimURJUZa95SeiC284jNFW8xHgXrELL2X8tD8LYmwB",
    },
    Object {
      "online": true,
      "stashAccount": "DAT4gSgyMskggCmTQKfEM6hQgRy1NWdhtfMTAuPLsUAGUPy",
    },
    Object {
      "online": true,
      "stashAccount": "HTrpbES27bqMvCioQGHpmJbBzwji6V5DeuXUfB1gsZ5Vkh1",
    },
    Object {
      "online": true,
      "stashAccount": "DKUQiUWNPGvGYrgaxWqduJVRqWUYXUeKprX9EJENhxYvVyS",
    },
    Object {
      "online": true,
      "stashAccount": "GCNHHRBtpDcgADCaRPMNNk52JiitGrcv3DMQxwE6owXAfbt",
    },
    Object {
      "online": true,
      "stashAccount": "GweeXog8vdnDhjiBCLVvbE4NA4CPTFS3pdFFAFwgZzpUzKu",
    },
    Object {
      "online": true,
      "stashAccount": "E5Qo7ZrDbgJeHGQ1hSRA7pwJV8YxSi6TNcvQg4aNDCZ91b2",
    },
    Object {
      "online": true,
      "stashAccount": "Fy2rsYCoowQBtuFXqLE65ehAY9T6KWcGiNCQAyPDCkfpm4s",
    },
    Object {
      "online": true,
      "stashAccount": "E8MhgpapcCqr5tnT5xmJnYX8Kuc85HaM4T2q23Cf3iqQCrX",
    },
    Object {
      "online": true,
      "stashAccount": "ELhnYFneiAP819s1t7Zmn4rs1tBbcrWVnkeGw4JYKdVp6jL",
    },
    Object {
      "online": true,
      "stashAccount": "F4xrhkWsW2PSqZBuBMVJGE3LQy7R2ZWo3J8d6KEsDznrDF8",
    },
    Object {
      "online": true,
      "stashAccount": "G7mWyu1Pom5XreLHUzDEcvFp6WaMuLuo4QKxtDB9yJZnH69",
    },
    Object {
      "online": true,
      "stashAccount": "DwZBcfHnJtRmR7P23VgHQEzaeGPXQvH8jDvuob2qiyTHJMM",
    },
    Object {
      "online": true,
      "stashAccount": "F4LocUbsPrcC8xVap4wiTgDakzn3xFyXneuYDHRaHxnb6dH",
    },
    Object {
      "online": true,
      "stashAccount": "DTMCVLVqNj5L3kpuftg49bY9xozwhRyF52sEHdBySbpbPkt",
    },
    Object {
      "online": true,
      "stashAccount": "EX98wxj7cUkpPxcsEsNK9J6qX8N79mv6om8bbjLGnu9Q1ur",
    },
    Object {
      "online": true,
      "stashAccount": "H1ye1dQ7zVM8obAmb21kfUKA8otRekWXn6fiToKusamaJK9",
    },
    Object {
      "online": true,
      "stashAccount": "G7eJUS1A7CdcRb2Y3zEDvfAJrM1QtacgG6mPD1RsPTJXxPQ",
    },
    Object {
      "online": true,
      "stashAccount": "E84ypSizBDJDxwhtYy4Q4t5RKsy1DppPuU1AP47HVeKhXYt",
    },
    Object {
      "online": true,
      "stashAccount": "FRbyyQ55VCnCA3zXPjibseiAYKPhpVo5cDVFaboKw182qYb",
    },
    Object {
      "online": true,
      "stashAccount": "EdEQVcrr4pvzDLdb5xFkncKYhCE6uyuE1eKRTqg4PDvBgMa",
    },
    Object {
      "online": true,
      "stashAccount": "Faa8iXWy2wxo7ryLEhGCNeb55d8rnVy9SN25NiCmmqP6QMV",
    },
    Object {
      "online": true,
      "stashAccount": "FAGzHVggwv1QRmkGjom1Foc24jzZS1CJGcWUzrGdW8FyXEm",
    },
    Object {
      "online": true,
      "stashAccount": "JDA8ByXeJcn2BfNabC6WbBJKEBwM4k7oBVenVgJdzL32RJc",
    },
    Object {
      "online": true,
      "stashAccount": "Gk6v5CXUy2cPMtVxXtN7ZUn7K5y7UFEm78xp98Uatjt2yuV",
    },
    Object {
      "online": true,
      "stashAccount": "GcqKn3HHodwcFc3Pg3Evcbc43m7qJNMiMv744e5WMSS7TGn",
    },
    Object {
      "online": true,
      "stashAccount": "G7Ur4BnMSfP2qE7ruSob5gwGQ5nzkGWu7Yqh14FcMqnDtgB",
    },
    Object {
      "online": true,
      "stashAccount": "DAUrb4UVvwpYxbx6jTVqMquCW2QuafKcFCkgEpnYBcbwaRQ",
    },
    Object {
      "online": true,
      "stashAccount": "FJ68vDYXj1A7QxHKf6j7qcCdShrU2o5A2sZ3y5w4Rst2d3a",
    },
    Object {
      "online": true,
      "stashAccount": "FpVmbKAqwoQaTBGwrTGsSu4nN1PCGY8XrQa4AaJVuzyVhh2",
    },
    Object {
      "online": true,
      "stashAccount": "EUoo6xidm7okewmbh89tUW3sqaDLYKAvTCCNYc8zh4nPU4s",
    },
    Object {
      "online": true,
      "stashAccount": "GZ5xCKCC8JRpJSMgAoDJAFAuQV8gD9Xz2cJca4mR7oRhzL9",
    },
    Object {
      "online": true,
      "stashAccount": "EicrAEbyauqktQpp4CdvsF2CQy3Ju7tGGMohj3h5sAPnKHL",
    },
    Object {
      "online": true,
      "stashAccount": "EXtQYFeY2ivDsfazZvGC9aG87DxnhWH2f9kjUUq2pXTZKF5",
    },
    Object {
      "online": true,
      "stashAccount": "Eyvj7oeaHyoqJbNPKPi3zjBks2bNoju3X29xJhsxD8d6GeQ",
    },
    Object {
      "online": true,
      "stashAccount": "DaWieD32YURfqDC2jiQYbnXNWvPPGxF6XLH55Gk3ccBdjFy",
    },
    Object {
      "online": true,
      "stashAccount": "FMQUdmpAgZmLMG8TWeZTs8cpMchZrB9WGbJQQf83HaCnwYB",
    },
    Object {
      "online": true,
      "stashAccount": "D948vxMSA6u7G5gqPGQdAUDMJbiR7wgqZ1La8XeBiXr9FTF",
    },
    Object {
      "online": true,
      "stashAccount": "GRzsaGxLApkBfsUSCHKLnxhe4QECX4E2kQ5LuV4qqcijN2B",
    },
    Object {
      "online": true,
      "stashAccount": "H9R6HgnZKtrcfBJP2M6WCvLJvp72Q96eURbCxmj6KCFVWjh",
    },
    Object {
      "online": true,
      "stashAccount": "DxErsWqBducKTqxq7dwXKk2kevAzWEWaYJjwtwzqCu2r3F4",
    },
    Object {
      "online": true,
      "stashAccount": "JLG7wZHeen93CuNZvNBQ5yqvreEHim4ffVYnYxxo8a5wsG5",
    },
    Object {
      "online": true,
      "stashAccount": "HHdNWih8aLj9LMTb5j67TCuJijmQADCgizBmfB2vVrvcszZ",
    },
    Object {
      "online": true,
      "stashAccount": "GffdZaTf5oBcHVfx4VjnA6AMpHEBa3PiaBzTBUPkt24fUxp",
    },
    Object {
      "online": true,
      "stashAccount": "CmfwTdJ1F7Qd2HLAQ6A8FdNtz9hKvTMr2FkWtBQR1vECYjo",
    },
    Object {
      "online": true,
      "stashAccount": "J6xn7Mr8pfed6gvvRPZ8HEEb89RCwheTBtxymg9Xw36hUUS",
    },
    Object {
      "online": true,
      "stashAccount": "F7ia6uitDknF5HhGQnTPuBdqFM3nTqpMP8oeWgjU4gWiaVm",
    },
    Object {
      "online": true,
      "stashAccount": "EaWWcRin5KwuXYFZA7ANuMCydQHjM5MofStJGusASGeXrrs",
    },
    Object {
      "online": true,
      "stashAccount": "FP3ZrvuLb5Cg3mCBhTd8jScgF2tjDou6EXY5fY4WAVo1CTi",
    },
    Object {
      "online": true,
      "stashAccount": "HshTdrZiSJntTRh5oNytD2QuT38VDJHoGQmfcrtrZbViSGL",
    },
    Object {
      "online": true,
      "stashAccount": "CaRYnYy5JVW248MhNXxLb9NDaX7BWNE32vJfJKtQYY2bnqc",
    },
    Object {
      "online": true,
      "stashAccount": "Gw6F31xYT3gzkxBVbdTmNoWdFmoHgtkLAyCauYynEvNkBNN",
    },
    Object {
      "online": true,
      "stashAccount": "Cs1jHXYHxZyWKsGPvYY1BknhLdpNa1iXGja4Kn8hQZs7BsH",
    },
    Object {
      "online": true,
      "stashAccount": "CoqysGbay3t3Q7hXgEmGJJquhYYpo8PqLwvW1WsUwR7KvXm",
    },
    Object {
      "online": true,
      "stashAccount": "FCTjWUUptm1vNLLDp9HBgA5tN7hzEX866RD5aVQkQhrQziL",
    },
    Object {
      "online": true,
      "stashAccount": "DxDFNGjNrTHWhes35E2ht7cJSNWpedoQzre6rVXBtMV3jjB",
    },
    Object {
      "online": true,
      "stashAccount": "F9pECo13Rmr6t96TqSCSwjDdAmWXidTBdkprG9bUcYyKEVM",
    },
    Object {
      "online": true,
      "stashAccount": "Cn5JwarKR2UNquGmts3M7VuRmxTtZd6RKEntjzHaypWaYxt",
    },
    Object {
      "online": true,
      "stashAccount": "FSfBJoCU9sRhCYWwQ55iBNGU5L8eu56iGnYGK9zizHxu8dY",
    },
    Object {
      "online": true,
      "stashAccount": "FiHWU9AjN7z2no8zyiVEXtiTE46izxDgEcF1KM4r2r1GK59",
    },
    Object {
      "online": true,
      "stashAccount": "FtqCc5yLcLc1FkLyftyNuCtYFCudo3unwwPQLzCbnWppjoc",
    },
    Object {
      "online": true,
      "stashAccount": "FMTCvCG8qyWbRhb6k8Nu4nJkjYxnUpKY5QzSWfbt1fJH2K6",
    },
    Object {
      "online": false,
      "stashAccount": "EDcqtP9vMNrk7PHEbSw1TVgccE3s2mG1xPnbvsQrJ8CWvD2",
    },
    Object {
      "online": true,
      "stashAccount": "DKinge6g7FNNj3hJZJUze6GByxkLR7ipCqrnuSQKGRMg37G",
    },
    Object {
      "online": true,
      "stashAccount": "H9bhxgaMbND1u7TXxmMpcQCTiLfQtGmdmwAyKkRnKsndSXa",
    },
    Object {
      "online": true,
      "stashAccount": "FwPTgWjafLgtxoRHK7pkUc2NJ9YzD7wHeCny2fMk41T9jKW",
    },
    Object {
      "online": true,
      "stashAccount": "EdMEEeBcmQehGJSmue8ZqgC1G6d6AEsVxdCNgQ24eHA2omw",
    },
    Object {
      "online": true,
      "stashAccount": "GA9YAVVeNdLsToSVa9beeEHtCUncqmT4Pov8h4faQQKR9Fv",
    },
    Object {
      "online": true,
      "stashAccount": "EkzrzBghRwwupzkZUbZE2TAFT59B1izLS3UDPW8GYPWA4JK",
    },
    Object {
      "online": true,
      "stashAccount": "ED8SS6LiptDbQZDrHCE1heKjrK6KRUz4xV95PgSba8JUvh3",
    },
    Object {
      "online": true,
      "stashAccount": "Gw65cFWAS7eSmqTx6jPvGD1wExgToNkbPjKLHkvbJLC7az5",
    },
    Object {
      "online": false,
      "stashAccount": "EMa2d6yYb3CPxyArDCzsMfngnDKUbRL6QdogfYAPKZmmN1E",
    },
    Object {
      "online": true,
      "stashAccount": "Gnw2Lsi8VwYZCkHmpjFHcQ3S357oFcfmCpW6rYQbri9UHxu",
    },
    Object {
      "online": true,
      "stashAccount": "Cwr82cUKvfgnQSnLeN84CmtNaUGjYBD2qaBjsTxG43ZNh2M",
    },
    Object {
      "online": true,
      "stashAccount": "Gw8h4xEHfm1icL35tJ98cZYgRKVK1MVfL9fbPkFbb5tmqSM",
    },
    Object {
      "online": true,
      "stashAccount": "EuJcihtEgC121KMSa2TscWHmTF3ecJzzgHeNnQwLp4tBReG",
    },
    Object {
      "online": true,
      "stashAccount": "GkXpHnvjw7GQPTwMzy3d4MyZv8j2zFgiTtw1aqwfLhHdWqu",
    },
    Object {
      "online": true,
      "stashAccount": "HHARzd4icVZULpMVEGZRiLhjfb3iDDohg1bdHRBusrMUvfd",
    },
    Object {
      "online": true,
      "stashAccount": "GxujeV9rVRqsQHMbTiAiHATuZyrcHC68ZUJHtqS4LufuWLk",
    },
    Object {
      "online": true,
      "stashAccount": "Eo4boG437k7gFy75VqPrWP5gHSGi9Sm6CZzLFFsCGYaSPzM",
    },
    Object {
      "online": true,
      "stashAccount": "Hbh1PWzxAeBK8LfCvgajTCZWrJHJnzy7m4xoACN2zCZRUC2",
    },
    Object {
      "online": true,
      "stashAccount": "HnWZYpCsgvnfnzmJh5PLYYvWP9MMkyoCvGDPay92NTFbqpX",
    },
    Object {
      "online": true,
      "stashAccount": "F2MAHHWRjbHnT7ZRxCohKeeYYNRojFDCXUH7TB5rEmvphBE",
    },
    Object {
      "online": true,
      "stashAccount": "HCvogunioVVuAWEJDcM8gc7NuMTgZ4ZNe8NP4kCdNsTh7wD",
    },
    Object {
      "online": true,
      "stashAccount": "EtkmcFRbBVakSYf8Fey3nUwrxqTZbrRNicG6nPNzXRtFEDU",
    },
    Object {
      "online": true,
      "stashAccount": "H7FJ23U1Pm1wvPrNxaQHiDgW7xHe3HRRMfnAXFSZC836N3E",
    },
    Object {
      "online": true,
      "stashAccount": "CriM9ADovQHPwgv3NF2v1ey6hCv9jTASpvmWy7zjEVycUoP",
    },
    Object {
      "online": true,
      "stashAccount": "FhbVbN8VqQLnLkNX76nHAoBBDsC3Jych3k14WbUoJUBbGHr",
    },
    Object {
      "online": true,
      "stashAccount": "EPq4dzASVXqbt2N9vtrScgetyvkm8T3HKQhkyunSeicyX1g",
    },
    Object {
      "online": true,
      "stashAccount": "H9frGRPc5zHvBKDDNTxPCcc1MNLAQUMm931qhDdnG6AGA1a",
    },
    Object {
      "online": true,
      "stashAccount": "FUfXiFsaoWbUeaWiWBDizP7VbTSLxMirbJEpLAk1g6YueJp",
    },
    Object {
      "online": true,
      "stashAccount": "D8SDANbRdaSDDuQb87Pzs38kJcaLTvgbrU4m3iL6vHoQzYJ",
    },
    Object {
      "online": true,
      "stashAccount": "F2FafDtkrWCRF9r9YQFSvkp83LgtQ7MdZw7EgjrwU3bgCZr",
    },
    Object {
      "online": true,
      "stashAccount": "FtFtFKRtm2kc9MC9mzXbS4HSFfs4US7sGPP6BHQ5nt6DLYi",
    },
    Object {
      "online": true,
      "stashAccount": "FzBcnE9XqgYMUx78Wt42PKpfpT8CXQwe1exbDb8wXozmDtK",
    },
    Object {
      "online": true,
      "stashAccount": "Hv4RZ8zBpL4ovaSqnWMJ1YAbH9Rf2jpCQXWq4mtxQ9guCxC",
    },
    Object {
      "online": true,
      "stashAccount": "HcdW2utT6pK74WHgLMhLMadoUqqdtTLy9CzuYNXUVkb9SdN",
    },
    Object {
      "online": true,
      "stashAccount": "ESNZ8Eg46ByUYoAhr8MPbGpGF82pgmmjE3uVVepPCnJC61r",
    },
    Object {
      "online": true,
      "stashAccount": "G2VeiHKf8pna2NRpdQ47XoRc4LL4ezQHABPmh865VSN7rTD",
    },
    Object {
      "online": true,
      "stashAccount": "DBRXBqJqK41stDE8dvaLMXGq5hQpr4PQ6VkkudpBYDYBYae",
    },
    Object {
      "online": true,
      "stashAccount": "CsM49wAGnAUo9RUCEZYsyBYtWUKKDT9hvH7fFiqRHeHC1op",
    },
    Object {
      "online": true,
      "stashAccount": "HNxuNtuTuvxYS59eo3pUxQ73JmoTCDjVXoiaF1wGCixGeFi",
    },
    Object {
      "online": true,
      "stashAccount": "EonK7NScfhd7ZRfgnLhm4cKRFJWK1z59zPximUZRg8VjHQj",
    },
    Object {
      "online": true,
      "stashAccount": "EtgM5E6pecndYpKCLkfYeRfKSmVxT1mVvaxceJFnhuKqTpG",
    },
  ],
}
`;
