// Jest Snapshot v1, https://goo.gl/fbAQLP

exports[`integration getByHeight returns a result that matches snapshot 1`] = `
Object {
  "validators": Array [
    Object {
      "online": true,
      "stashAccount": "13YDN239LTFZVFDuuyz8WTKHxMSCvEqiPQe1kyjABcRgxhNz",
    },
    Object {
      "online": true,
      "stashAccount": "1REAJ1k691g5Eqqg9gL7vvZCBG7FCCZ8zgQkZWd4va5ESih",
    },
    Object {
      "online": true,
      "stashAccount": "1jZqirgn6ECrqwYNGUT1No9QSBWTatCkCe2nRzxFw2ufbyN",
    },
    Object {
      "online": true,
      "stashAccount": "14xKzzU1ZYDnzFj7FgdtDAYSMJNARjDc2gNw4XAFDgr4uXgp",
    },
    Object {
      "online": true,
      "stashAccount": "1zugcacYFxX3HveFpJVUShjfb3KyaomfVqMTFoxYuUWCdD8",
    },
    Object {
      "online": true,
      "stashAccount": "14SiKReHpqw8A2Q9CpvVN1kszdhqJmfBEbWCZgJ5YYMmQ8MV",
    },
    Object {
      "online": true,
      "stashAccount": "12pgR5dyEkUP6iTR9u7b74Nz7uCsCYKpkFfA5LFbQPjGwNHL",
    },
    Object {
      "online": true,
      "stashAccount": "13pndCL5D93GXZA6vuuHjvbnGSLYoaEMvTdrDQjSG7M3wYC7",
    },
    Object {
      "online": true,
      "stashAccount": "12HTVpN7smNqUwbM5ART7dpoEV1rcY8itrKKMCzGikrJJo6A",
    },
    Object {
      "online": true,
      "stashAccount": "13BeUcLu7hzSTaoKpEtpdqiXKZz6yVfT9exKH6JuTW8RQQvJ",
    },
    Object {
      "online": true,
      "stashAccount": "16SpacegeUTft9v3ts27CEC3tJaxgvE4uZeCctThFH3Vb24p",
    },
    Object {
      "online": true,
      "stashAccount": "1zugcag7cJVBtVRnFxv5Qftn7xKAnR6YJ9x4x3XLgGgmNnS",
    },
    Object {
      "online": true,
      "stashAccount": "12jiWV8yksQuvzEyh98z2BegL7sd8W2NzUcE1Noni9bjKtsg",
    },
    Object {
      "online": true,
      "stashAccount": "12MqEB7VLqKRgxCoGZXriPuo4GNYtaFiQ1tjMZhooPXAycM2",
    },
    Object {
      "online": true,
      "stashAccount": "14VWEJDSWfHyuTSwErEXxFaiCW3i2gf2NPRkZ5igx6rnmqFd",
    },
    Object {
      "online": true,
      "stashAccount": "15kb76J3G8QvtoYKZdWyvPC12MzewsMYYneYT7E6SM2R3oTB",
    },
    Object {
      "online": true,
      "stashAccount": "15XPnFSn3CqjkCdNzdmgzwFadU9txoGizjYew3HmsXoE3J4Z",
    },
    Object {
      "online": true,
      "stashAccount": "14ShUZUYUR35RBZW6uVVt1zXDxmSQddkeDdXf1JkMA6P721N",
    },
    Object {
      "online": true,
      "stashAccount": "16eybSNRCCJ7eHn2FFxdTir8EtcWv6mRpPBzccn28eyCoieB",
    },
    Object {
      "online": true,
      "stashAccount": "12N5Xurx14fVoYyv7tGfYychJWBCsHiEDjpyGn5XfL7PwL4d",
    },
    Object {
      "online": true,
      "stashAccount": "16jfCiPqr2ior6TZGnjeTvw573AUTWu6t62wEUuSVvWkeMCb",
    },
    Object {
      "online": true,
      "stashAccount": "1653t723BHhC2krGCFKUUNDQb5sUafy5pZvKVwnwo1oMAMi7",
    },
    Object {
      "online": true,
      "stashAccount": "13eKBARPFWBdXJAKg4fBTNUfcz4YAYfDTetRRApuz1kTDVDg",
    },
    Object {
      "online": true,
      "stashAccount": "15zg69ZRSGX2yDtH8R4AAP1oVbd9Sh2PCt9C51nF51ieCBFF",
    },
    Object {
      "online": true,
      "stashAccount": "16DKyH4fggEXeGwCytqM19e9NFGkgR2neZPDJ5ta8BKpPbPK",
    },
    Object {
      "online": true,
      "stashAccount": "14zy72LYvcMiUzsacFSR1xzQsG84Pujby98LvWSVtzSiS3ti",
    },
    Object {
      "online": true,
      "stashAccount": "1F13pZ5nZZsK96UBS8Rjj97wYVtpZvE7SGADiwVrfbkrAWK",
    },
    Object {
      "online": true,
      "stashAccount": "14ghKTz5mjZPgGYvgVC9VnFw1HYZmmsnYvSSHFgFTJfMvwQS",
    },
    Object {
      "online": true,
      "stashAccount": "15K979wvzHuepoL6XXgqdVRNhj7EgLLGvfVnKobzHmxrrwDR",
    },
    Object {
      "online": true,
      "stashAccount": "1zugcarJnZ4ft2PiJoGg6DgmZjnKNBrcKTFrAzhGPCX6bJ5",
    },
    Object {
      "online": true,
      "stashAccount": "15CosmEmAfQAhnxwan18e5TueAe6bDzrqqxg13dToDWr7A8M",
    },
    Object {
      "online": true,
      "stashAccount": "16SihqA99EcSSZFW8XpL2XP2Te44obmDWbsR1gJ5zrbAhuuU",
    },
    Object {
      "online": true,
      "stashAccount": "153YD8ZHD9dRh82U419bSCB5SzWhbdAFzjj4NtA5pMazR2yC",
    },
    Object {
      "online": true,
      "stashAccount": "13Q5v2kmjLCfRbcV5TQNkshPERSBVsoodFgZQakdPJsZKaMc",
    },
    Object {
      "online": true,
      "stashAccount": "15MUBwP6dyVw5CXF9PjSSv7SdXQuDSwjX86v1kBodCSWVR7c",
    },
    Object {
      "online": true,
      "stashAccount": "14bARWgpfEiURUS7sGGb54V6mvteRhYWDovcjnFMsLfxRxVV",
    },
    Object {
      "online": true,
      "stashAccount": "14XpvkyCB9i4tns7xE3SbhseVbBRnT3fr7Q1xjGvAcT9Yzr7",
    },
    Object {
      "online": true,
      "stashAccount": "12zi8U5ZtretMY6oz81Ai6gtxBYhmbPHDbAT5TRpUn2RVi1w",
    },
    Object {
      "online": true,
      "stashAccount": "15V6NjwmKkZihe644Tyr8GVLxjEzBAHktf6ZcJCTx7RPCoYS",
    },
    Object {
      "online": true,
      "stashAccount": "1zugcacan4nrJ3HPBmiBgEn2XvRMbehqvmzSQXT3uLBDkh3",
    },
    Object {
      "online": true,
      "stashAccount": "14MWxXZza2FNBzuy52V8Mu6aU5tQeFcqEuLYah8NQbrmRbez",
    },
    Object {
      "online": true,
      "stashAccount": "129o9rYvETVNXW3mLSioZYmb2DieN1uwPKHJUJVNUYiZovBd",
    },
    Object {
      "online": true,
      "stashAccount": "12woCF72ik4rYzm8gUagTkEBw4S1zE4rRnAk7SaiHbbV9tDy",
    },
    Object {
      "online": true,
      "stashAccount": "15a9ScnYeVfQGL9HQtTn3nkUY1DTB8LzEX391yZvFRzJZ9V7",
    },
    Object {
      "online": true,
      "stashAccount": "133HkeVEvA9QuWGGHQew6aEsL3KGFXK818JukWo5T3QpLMs9",
    },
    Object {
      "online": true,
      "stashAccount": "12diYDNzb8USoz9AKxcnkbqLaQjdQHjRMNBsScPfNFsKBeXC",
    },
    Object {
      "online": true,
      "stashAccount": "12771k5UXewvK7FXd1RpPHxvFiCG4GQCrxRmXWN5tAAwDQoi",
    },
    Object {
      "online": true,
      "stashAccount": "12uphR4S5NNF6Q4cAEY73mC2fXcYxi2K45bMFThaKZQ2fUGM",
    },
    Object {
      "online": true,
      "stashAccount": "1CnnkaqNJWLeny9GMB2D66xQBbZGJBuPYsqdFzj3eGrMQRu",
    },
    Object {
      "online": true,
      "stashAccount": "13N2NpDg6kU1vAGuPv9MkTj4YsaDmf7BKyr3TTxhV5sFmuhd",
    },
    Object {
      "online": true,
      "stashAccount": "14BB4ZbvPadELb1jBhbJq6GbECvBfkxFmohybYexzpE4KMq2",
    },
    Object {
      "online": true,
      "stashAccount": "14QBQABMSFBsT3pDTaEQdshq7ZLmhzKiae2weZH45pw5ErYu",
    },
    Object {
      "online": true,
      "stashAccount": "12xedMA9ZJFe6Ui5VDYML3PsCde2LbhUzEYEPyCgFRcJvfRB",
    },
    Object {
      "online": true,
      "stashAccount": "162DmeD1MHpWQhv8NPz7zbUEfCyTfG4Tuqz7P7852KiY2wXz",
    },
    Object {
      "online": true,
      "stashAccount": "13JobbXGptehn8JQz31FbH8PsTbFzJNXDHcQpHZArVyCZ9vw",
    },
    Object {
      "online": true,
      "stashAccount": "1zugcajKZ8XwjWvC5QZWcrpjfnjZZ9FfxRB9f5Hy6GdXBpZ",
    },
    Object {
      "online": true,
      "stashAccount": "13ajBbvHmdDMak4J8sX9GxkuP82o89YGFJPjsGaQoxpPWAjj",
    },
    Object {
      "online": true,
      "stashAccount": "1sywP45NcZSQ3ev8WfcLZNm8hwCUiKzNYHmECpR9nYMAtMA",
    },
    Object {
      "online": true,
      "stashAccount": "14VUZtu4u1xXPnYw2RomYhEKyZD73x1zuN33mAf9imCvuxtA",
    },
    Object {
      "online": true,
      "stashAccount": "11VR4pF6c7kfBhfmuwwjWY3FodeYBKWx7ix2rsRCU2q6hqJ",
    },
    Object {
      "online": true,
      "stashAccount": "16d9XUncct9fqCwrXaWeyH4y6XX3Knv4DjiBSH3oaYRvfcvc",
    },
    Object {
      "online": true,
      "stashAccount": "148HzdSuFsDrNKnAHFs81BJzZxmKgwEC6Pmpw2QJnTy3Hv3R",
    },
    Object {
      "online": true,
      "stashAccount": "16FUnnZX7h11sxio9wu6DGGqD66z5vXxNLcXuSJFWFAjkaZ5",
    },
    Object {
      "online": true,
      "stashAccount": "1Dy7FYbwhvCY2VPDk5DDduxC5zpYHbUz1DvuZ4avZSp7sgD",
    },
    Object {
      "online": true,
      "stashAccount": "15KRBVtLZM7QRceX61nfwXJgWSHR5YEqDFPLR4susRM7rz2U",
    },
    Object {
      "online": true,
      "stashAccount": "15dPFENfyioL2UGjZbhzsQJ65rrxD6EXFmL4oqGnAuR7prwT",
    },
    Object {
      "online": true,
      "stashAccount": "1eLUhRLQiikdt4zUrYdY4LwdwYDsStmjrqzGzC46XmuTatG",
    },
    Object {
      "online": true,
      "stashAccount": "1zugcavYA9yCuYwiEYeMHNJm9gXznYjNfXQjZsZukF1Mpow",
    },
    Object {
      "online": true,
      "stashAccount": "15vvFZPWJcq62e2rQ2SYPP6PsZri9LWJb2354Qxx98pQC2KE",
    },
    Object {
      "online": true,
      "stashAccount": "1Tc62hRA1Jv5Dm7pxsgzyYPpTSZRA4bGxNT1PjQPdYNYbPB",
    },
    Object {
      "online": true,
      "stashAccount": "1LMtHkfrADk7awSEFC45nyDKWxPu9cK796vtrf7Fu3NZQmB",
    },
    Object {
      "online": true,
      "stashAccount": "12ud6X3HTfWmV6rYZxiFo6f6QEDc1FF74k91vF76AmCDMT4j",
    },
    Object {
      "online": true,
      "stashAccount": "1eojWGUywrfCANuTNHNQmwVR4435YRLpSND7uZDRTwY7fPT",
    },
    Object {
      "online": true,
      "stashAccount": "1zugcabYjgfQdMLC3cAzQ8tJZMo45tMnGpivpAzpxB4CZyK",
    },
    Object {
      "online": true,
      "stashAccount": "17bR6rzVsVrzVJS1hM4dSJU43z2MUmz7ZDpPLh8y2fqVg7m",
    },
    Object {
      "online": true,
      "stashAccount": "1nTfEEWASm1x6D16FPLLjPFC42Fb7Q5zLovrxQpPQe6j86s",
    },
    Object {
      "online": true,
      "stashAccount": "13AtGSHJaDZrLHELmK6iKAuaAKHcetrH73N2KEb5M5SX1yDR",
    },
    Object {
      "online": true,
      "stashAccount": "15yyudqwLHT6VcKdEug98wt1rCbyg5TBvr6ikakL4rNVAYXf",
    },
    Object {
      "online": true,
      "stashAccount": "1W7neFxPiA76dthShJu3ZfJFNzyBjo3SrbafYQhT3GheLbD",
    },
    Object {
      "online": true,
      "stashAccount": "14pU6dcr5jgMpFZDGB1fwcU6LztP5pszTk5mYz8nUXBu59mU",
    },
    Object {
      "online": true,
      "stashAccount": "1pKc7abu9Cm9YqoMeUFqdMBUxKJVuVUFPRcjpxcyKvjkx5m",
    },
    Object {
      "online": true,
      "stashAccount": "1515GAoWxQ6fv9VTGFuwzYDWfdmFqdRX4zmpDjsnAMDHV387",
    },
    Object {
      "online": true,
      "stashAccount": "121kyZuzZxpZf5nFkNKwBVtxz7hEiDtofesZuE3EsRheKpXu",
    },
    Object {
      "online": true,
      "stashAccount": "13uvYLzWyhm3oSPT58nSTSGtxnsVRESTR9G8cUCZK7iVmeFe",
    },
    Object {
      "online": true,
      "stashAccount": "16FRYg2zE5cgrkKQmJhU9YJRT7Uquqxfz6hmp6GnqgdcBv16",
    },
    Object {
      "online": true,
      "stashAccount": "16GDRhRYxk42paoK6TfHAqWej8PdDDUwdDazjv4bAn4KGNeb",
    },
    Object {
      "online": true,
      "stashAccount": "12H9FfSYdQ4GrKc7tdxK8U6DitAZMqfnhB8gtHwd2rpCiZfN",
    },
    Object {
      "online": true,
      "stashAccount": "15rq7GcKhBREzzh9c9Cg8AondmSd5eNxs4YLAseit6Yy2dyY",
    },
    Object {
      "online": true,
      "stashAccount": "14MmA9dnuewsgkNYspRL1Dr7JJqjVk3v3CBR9FSM7YDCpSWW",
    },
    Object {
      "online": true,
      "stashAccount": "1zugcakrhr3ZR7q7B8WKuaZY5BjZAU43m79xEyhNQwLTFjb",
    },
    Object {
      "online": true,
      "stashAccount": "126psKUiNKidXPNJRkD9TYcZdruX4dymU3vsQ6g9GM4YtEis",
    },
    Object {
      "online": true,
      "stashAccount": "153RWxqZyAWBM2brLkBEkYmyVyf5aMqGHewbvG3jqENyCKyC",
    },
    Object {
      "online": true,
      "stashAccount": "112A6wJPeDsf34nsqoAkAtQ8n74vJU8qmyKMtzX7ZPQH2kXa",
    },
    Object {
      "online": true,
      "stashAccount": "162BjyXHNoFfuUETP39d7fj4LfLiWMCLZ5SHoH48xEna9VnX",
    },
    Object {
      "online": true,
      "stashAccount": "1A2ATy1FEu5yQ9ZzghPLsRckPQ7XLmq5MJQYcTvGnxGvCho",
    },
    Object {
      "online": true,
      "stashAccount": "15rG8TKYDpSM74YkbHXX5LzJVjmVZF5KjKWWapEAX241U43p",
    },
    Object {
      "online": true,
      "stashAccount": "1HDgY7vpDjafR5NM8dbwm1b3Rrs4zATuSCHHbe7YgpKUKFw",
    },
    Object {
      "online": true,
      "stashAccount": "1ufRSF5gx9Q8hrYoj7KwpzQzDNqLJdbKrFwC6okxa5gtBRd",
    },
    Object {
      "online": true,
      "stashAccount": "12BJ7EMWbr7fGVu2DspPtGbxCCdJUfAMVbJtCm6xPEf4WGiS",
    },
    Object {
      "online": true,
      "stashAccount": "14dTZLAwhcBennygERRS5tXnWVAHq3e12LoCoHrQsmDd4X4H",
    },
    Object {
      "online": true,
      "stashAccount": "1WG3jyNqniQMRZGQUc7QD2kVLT8hkRPGMSqAb5XYQM1UDxN",
    },
    Object {
      "online": true,
      "stashAccount": "1KPfsQbEQzetjYbQFPAmJ5XXN8G4Jh3toBQW41H4x7wTczu",
    },
    Object {
      "online": true,
      "stashAccount": "12jm44LqjMrxupiBYVfENUA4TY6Krf49EpbFU5swc2hKNbFh",
    },
    Object {
      "online": true,
      "stashAccount": "14jSaRfswZxfYtFGCmjYLh3wFDEa47HmgaAyc7tU7KadZ8Pg",
    },
    Object {
      "online": true,
      "stashAccount": "14TQq9qpindSq25rqa9sbEGtmLWDLvjPWnvEuDrnRYeWUk7i",
    },
    Object {
      "online": true,
      "stashAccount": "139ANth4tdC4cHRWvesuxkuYNWfq9wgFmxV5C98fy8Xmyg8E",
    },
    Object {
      "online": true,
      "stashAccount": "15thjfpZX1xVcsnfya1oXmbXzau2on5abAc4XXYP62SNwwQQ",
    },
    Object {
      "online": true,
      "stashAccount": "16Fwe1wFveAWmUJ8WucZmu87iyp5464m9hNqvUP8oE35nwc8",
    },
    Object {
      "online": true,
      "stashAccount": "1zugcaiwmKdWsfuubmCMBgKKMLSef2TEC3Gfvv5GxLGTKMN",
    },
    Object {
      "online": true,
      "stashAccount": "1pbMtabBc9MNJcam4o8uHGymybvPcnkU5AGmpSmUpms7SWh",
    },
    Object {
      "online": true,
      "stashAccount": "12GfbefRxy4aXD635UGUftBh4tzRrofnMK5WfZDVAAtz49oc",
    },
    Object {
      "online": true,
      "stashAccount": "13ujCsf3t2YAdAhcpcEFVoJAPRYzMLHUHEnLroQp41sJCSnm",
    },
    Object {
      "online": true,
      "stashAccount": "129a16TBT9p4mfX9YuRFQVs5RySNRVKVioXnBY5CNksCU4bF",
    },
    Object {
      "online": true,
      "stashAccount": "13dgtrnW32HYLRQNw4CnTxA4eQrco16aWiyjZkgFAGzC4Ndq",
    },
    Object {
      "online": true,
      "stashAccount": "13giQQe5CS4AAjkz1roun8NYUmZAQ2KYp32qTnJHLTcw4VxW",
    },
    Object {
      "online": true,
      "stashAccount": "15XvGmoR6NqAPoV86yDGMDkvU8PCtYGJoywGq1AFcwF6Y2qy",
    },
    Object {
      "online": true,
      "stashAccount": "15GKe1eRMAco1go8NNEvAy2CompMTBdJR3Fpmyk55FoajY7W",
    },
    Object {
      "online": true,
      "stashAccount": "12Ktn2Y5YbrvHgsVdizTKzAryMc41PttpFE3AH9iTSQTdaMf",
    },
    Object {
      "online": true,
      "stashAccount": "12gkhA8JEz8ywmVj1tsVafSp9C4saKzSofgMwBJcmFJAGUVX",
    },
    Object {
      "online": true,
      "stashAccount": "15AcyKihrmGs9RD4AHUwRvv6LkhbeDyGH3GVADp1Biv4bfFv",
    },
    Object {
      "online": true,
      "stashAccount": "12GTt3pfM3SjTU6UL6dQ3SMgMSvdw94PnRoF6osU6hPvxbUZ",
    },
    Object {
      "online": true,
      "stashAccount": "1264tb9azwmsVruJFTQ3PKb8yCPjniBVyUV8ppsmbXz8D2Bw",
    },
    Object {
      "online": true,
      "stashAccount": "16fish7rrBhVnkmfQuiKUaPZGm8AiK2oGGJoTwrL4keeHbbe",
    },
    Object {
      "online": true,
      "stashAccount": "15KJ8D2WRTYP2ea9PQTPt6sChC8ZjLnAeLu6DBQdbQbVftPw",
    },
    Object {
      "online": true,
      "stashAccount": "1zugcabTuN7rs1bFYb33gRemtg67i4Mvp1twW85nQKiwhwQ",
    },
    Object {
      "online": true,
      "stashAccount": "13Awx8ztFrFyf7TbKGPoCW8HqGcgCrn5Fe5qsiwDjyt3ZcJ1",
    },
    Object {
      "online": true,
      "stashAccount": "131Y21vAVYxm7f5xtaV3NydJRpig3CqyvjTyFM8gMpRbFH1T",
    },
    Object {
      "online": true,
      "stashAccount": "13BU2AX77ncdj8pqCDBYTbGShY38be7u2s6Ht436ANdRJhZq",
    },
    Object {
      "online": true,
      "stashAccount": "13WPYFoR3zuCQqCxEaTTvJRB2KthyxtvNkoW2vn5SmhdkLmC",
    },
    Object {
      "online": true,
      "stashAccount": "16aKQCnTTG4Tym85E1kVmWQd7ypRDxztk6Tx4HAL8AUdwPok",
    },
    Object {
      "online": true,
      "stashAccount": "1xBr1qhk9P5xoMtWYTM9ryosSUgwshb5NGdkUkG9gbTo1s2",
    },
    Object {
      "online": true,
      "stashAccount": "1zugcaj4mBMu7EULN4rafT5UTfBjbvqaoypZyxWa3io6qJS",
    },
    Object {
      "online": true,
      "stashAccount": "16fGGi3ZLMZd9DB2JWbqM72dswtxMVxnV3BrishpBAUxRvax",
    },
    Object {
      "online": true,
      "stashAccount": "129fVMSrkbStWWpFfoKoS7DcPN8uNUYjNm55Au9atMq7AVnq",
    },
    Object {
      "online": true,
      "stashAccount": "14Y6TZaNAS43At4ovGMULSuGkdE7svmn6zqicWBkSiVd7A4T",
    },
    Object {
      "online": true,
      "stashAccount": "11uMPbeaEDJhUxzU4ZfWW9VQEsryP9XqFcNRfPdYda6aFWJ",
    },
    Object {
      "online": true,
      "stashAccount": "13XkGCa13arfw4FkH8MVsvshrHrA9GuKPANjZ7xnjKCSg9fM",
    },
    Object {
      "online": true,
      "stashAccount": "125xj1nYWcVcCM9CnLUydqEmuFwSNTmRybmyK65XWu8RFWK3",
    },
    Object {
      "online": true,
      "stashAccount": "136cybB7an16AkdtrzPbzPaFNcnf1Xs1YfczWGqXb5oaviYe",
    },
    Object {
      "online": true,
      "stashAccount": "13NYekugyqfjAhMTsoZdimKHvBZKfqptDEA5qNKHzZoc1R4W",
    },
    Object {
      "online": true,
      "stashAccount": "1cFV5Z8xgsRGE3JwfvK54F9mMTWvunoyRA7YADk2by33xtp",
    },
    Object {
      "online": true,
      "stashAccount": "15UtQRzd9oM2UznsAsfi6rRAh2oo5vjoXgeaqf8rJBKhnTrr",
    },
    Object {
      "online": true,
      "stashAccount": "12jjUEmaKuwC1SxQHe8eXpcv6AzdWiXdvf55VvP1y8bf548b",
    },
    Object {
      "online": true,
      "stashAccount": "12zcJFRcAsvRAzZ7vgsYVmZSWDCwoSKfsegHQL4PScoVymSV",
    },
    Object {
      "online": true,
      "stashAccount": "13Yggarv9or3jpKpt51RjtqSHFhidHPS2QpQbrzLiSJGmw2x",
    },
    Object {
      "online": true,
      "stashAccount": "14cxMDpBNLsNEXWyCzked3zghzaYWXwoqGT4h12GqQXdVhmn",
    },
    Object {
      "online": true,
      "stashAccount": "124YFXA3XoRs9Epcx3aRUSk3EKYaznocqMWfrMKtGjx8TJ2W",
    },
    Object {
      "online": true,
      "stashAccount": "1124RsfEgJEZvEq4HbtGFcpqoxnqSy79EjNZY9tzPct3AB6o",
    },
    Object {
      "online": true,
      "stashAccount": "13ougYD2SRkn88L14XiYCJc3mL7AzWoAMVdn1FwLumV49LjU",
    },
    Object {
      "online": true,
      "stashAccount": "1zugcaaABVRXtyepKmwNR4g5iH2NtTNVBz1McZ81p91uAm8",
    },
    Object {
      "online": true,
      "stashAccount": "12eDfoz2ufNGpPzDE8KTKbFMZpfPC8w4T11xqC8GrXBpFmsr",
    },
    Object {
      "online": true,
      "stashAccount": "13Dfa58XRdXMQwwteaDDTs3cqwPRCYKpHkVGYLXA7Apgnf9H",
    },
    Object {
      "online": true,
      "stashAccount": "1341kcAXqyA5ZJHBdPoLeHsDtmqLBZ2qm5Hu7e9tDR9Jv5RM",
    },
    Object {
      "online": true,
      "stashAccount": "12QVNbQdKKGM1ahx62TPAhc2Gy3G2i8UuizPES3Do1azeDVk",
    },
    Object {
      "online": true,
      "stashAccount": "14YdhnrDRm3m73Qu5UP6qkzowsr9C6X4aSBL6saP7jAw4KyP",
    },
    Object {
      "online": true,
      "stashAccount": "13EWPQ17GJTdBvA4FoAgq9mf8nwsH4cpahjn7fuAG3Xed72q",
    },
    Object {
      "online": true,
      "stashAccount": "14xH1XegfvaqXkmPe2mRQQGzPX6HUQ5V11UXcMf3wWKxfLyX",
    },
    Object {
      "online": true,
      "stashAccount": "134Bw4gHcAaHBYx6JVK91b1CeC9yWseVdZqyttpaN5zBHn43",
    },
    Object {
      "online": true,
      "stashAccount": "1k8LWqPsgZkkeXpDKc8mahhuR6J7FHb3XUPN2tpRLTa7RTa",
    },
    Object {
      "online": true,
      "stashAccount": "13arSPsihdfLnYzKhwXTJQAjejxTdbXwpMKUeTUq45mvR5K9",
    },
    Object {
      "online": true,
      "stashAccount": "16A1zLQ3KjMnxch1NAU44hoijFK3fHUjqb11bVgcHCfoj9z3",
    },
    Object {
      "online": true,
      "stashAccount": "1zugcajGg5yDD9TEqKKzGx7iKuGWZMkRbYcyaFnaUaEkwMK",
    },
    Object {
      "online": true,
      "stashAccount": "14AvAa9VXp7iPh5Ga8ZEHMJKsfTjZcx7yRX28fcTEBxv9xKZ",
    },
    Object {
      "online": true,
      "stashAccount": "15ML93PH72j5fFfqLrXRy7uDh7pUBCTUcSVYbaDV18LaTfeW",
    },
    Object {
      "online": true,
      "stashAccount": "139FVSnE8hkd1vVJmECkAsKeLyAJrS6kKq5TxTJbDEq1YvRc",
    },
    Object {
      "online": true,
      "stashAccount": "135wKSGZpQcTrhmFju9VeKC68gMBMsCYpSNtDyoqj3BVSZ1R",
    },
    Object {
      "online": true,
      "stashAccount": "16fPzNBxAUva9W3L8VyWhUuMkWE2HLvdjJwCP1qpgYbu4sJA",
    },
    Object {
      "online": true,
      "stashAccount": "121gZtuuG6sq3BZp1UKg8oRLRZvp89SAYSxXypwDJjaSRJR5",
    },
    Object {
      "online": true,
      "stashAccount": "16rX55HPAynS8bCv6h4kuq5RLzCiZkexK5XKqBtbisvychB",
    },
    Object {
      "online": true,
      "stashAccount": "16XkzHiDLyNKiiUKnfXyuHzddb7ovDRfL5YyUZCJbDp9ZMdT",
    },
    Object {
      "online": true,
      "stashAccount": "14yttAARJ6yJRzVBSvrqni3yNgjQ6hmewtC2fJkLTQQydmHD",
    },
    Object {
      "online": true,
      "stashAccount": "13gaBDtm7gkyBXuqoYvUC4z7oYSFGBRcX9F4fa4vk3mvh2KX",
    },
    Object {
      "online": true,
      "stashAccount": "145TDBrdcbSYGNvDJCpSydiTnygGkT1KBtckxqDZew14dUsB",
    },
    Object {
      "online": true,
      "stashAccount": "1qFBkRovtyKwWznGdQrA2qvmpndhM513TPoWf6f4oTVReLs",
    },
    Object {
      "online": true,
      "stashAccount": "1zugcawsx74AgoC4wz2dMEVFVDNo7rVuTRjZMnfNp9T49po",
    },
    Object {
      "online": true,
      "stashAccount": "1v7QwYLMaABh7eyFKN9PHbKquAyPt6PtcYZZWvf12KV5pMk",
    },
    Object {
      "online": true,
      "stashAccount": "1465x17offrfUNDGZTahX8aRybbpcmDfKuRQYtSqcfFvEpvi",
    },
    Object {
      "online": true,
      "stashAccount": "14MQcaQQSptK9iriyMYFWLQezFjFihyrTg4YoKGyeNm7P34M",
    },
    Object {
      "online": true,
      "stashAccount": "1xUnFyevLrrtbC4VY8gaNaJouK3LqUz87cHk51Z8kFytAD3",
    },
    Object {
      "online": true,
      "stashAccount": "12bUkY5nrGyoXqBpxKDf88z5VQWzaUK83PCgyHtJ1UN1ujjU",
    },
    Object {
      "online": true,
      "stashAccount": "126CY11joFMpakVSRra9LtNFYWuUzbtA9BcGPpaEvn7R8RkN",
    },
    Object {
      "online": true,
      "stashAccount": "14j3azi9gKGx2de7ADL3dkzZXFzTTUy1t3RND21PymHRXRp6",
    },
    Object {
      "online": true,
      "stashAccount": "143XCiQMmvh7y6YB1MF3umY6Fy8Fzd36UgGb7teTxiEuvfmZ",
    },
    Object {
      "online": true,
      "stashAccount": "14Q74NU7dG4uxiHTSCSZii5T1Y368cm7BNVNeRWmEuoDUGXQ",
    },
    Object {
      "online": true,
      "stashAccount": "13uW7auWPX9WAtqwkBx7yagb78PLcv8FAcPZEVCovbXoNJK4",
    },
    Object {
      "online": true,
      "stashAccount": "13xZwV54UbBm6tZfJMBxkPH9LZLqDbq387w4R2qrii69Dgjg",
    },
    Object {
      "online": true,
      "stashAccount": "15o1NpLSaBbRFwxxtwauyRYMULR2Maa34JeTzFVNWZzamoYV",
    },
    Object {
      "online": true,
      "stashAccount": "13H6kxukuy1gUZDL8SNM97srgFnwMhQ9mgXcWVaQkB55y2dG",
    },
    Object {
      "online": true,
      "stashAccount": "13VGe3fWPtLKyAp5vuYnjZQvkmF3eDTHgfxbgWMJNRZ6Zgfg",
    },
    Object {
      "online": true,
      "stashAccount": "15mURTf3t8dEvEY6Gb5N76wm9t2jQcXzewXmjT3yfZA1w8si",
    },
    Object {
      "online": true,
      "stashAccount": "1YqYHy3dvtC4YGCSUnU67x3qgqCdo56XvYYhWV5LaERytST",
    },
    Object {
      "online": true,
      "stashAccount": "1hJdgnAPSjfuHZFHzcorPnFvekSHihK9jdNPWHXgeuL7zaJ",
    },
    Object {
      "online": true,
      "stashAccount": "15wBDAZUQoYHHou3rsrTLevR31xRFNfgkKPBswQgQ2hS6UhA",
    },
    Object {
      "online": true,
      "stashAccount": "1jqkeJhuoRudNTVL5dV1qZf8RQtyzcf6ZT4yyvUQbKFktr8",
    },
    Object {
      "online": true,
      "stashAccount": "1Za3ySR1uPZAyquT7CMqKLpwSsSa1AwvP9zsUKtgvFw4x6P",
    },
    Object {
      "online": true,
      "stashAccount": "15hkz83sTMouD7GiiWP3SQc5DXaZFumYgJ6bf8Xq3dphPQ4h",
    },
    Object {
      "online": true,
      "stashAccount": "1zugcaebzKgKLebGSQvtxpmPGCZLFoEVu6AfqwD7W5ZKQZt",
    },
    Object {
      "online": true,
      "stashAccount": "12WmM98h4Ar6y7ZyyMKPXwSyuP5GSZvXTbEkDXm1tirbZFW4",
    },
    Object {
      "online": true,
      "stashAccount": "14g7XsFWsMpsPNkwQNhdHfsqKRehdRbpPLaGVTEhBe4Pt3Eu",
    },
    Object {
      "online": true,
      "stashAccount": "1CKUGhSt9nkJ7EcitGvrKN67937XssYvYfdd58KiLKC219S",
    },
    Object {
      "online": true,
      "stashAccount": "15p158r32Z12YyFU7BiqLcqpySmHUedVfJLJ4M73THBixKJY",
    },
    Object {
      "online": true,
      "stashAccount": "1sEcDfGZsbJCSinFBPN2hkqYU8QwLxipDjuz3BN7UFPJnrk",
    },
    Object {
      "online": true,
      "stashAccount": "1zugcapKRuHy2C1PceJxTvXWiq6FHEDm2xa5XSU7KYP3rJE",
    },
    Object {
      "online": true,
      "stashAccount": "14DHokivYZYt8zGKrPEHFfiZZN78SHJop1xXrrdkphbpUeNJ",
    },
    Object {
      "online": true,
      "stashAccount": "13AdjhixkXvnwywK12VzYHzhM78jdFiKXTof1ppAaoysyWQB",
    },
    Object {
      "online": true,
      "stashAccount": "11MJU5Q1rQh5BKuuECePhSAutv3WEVx6f2x9eZk9HXkCC1e",
    },
    Object {
      "online": true,
      "stashAccount": "15oKi7HoBQbwwdQc47k71q4sJJWnu5opn1pqoGx4NAEYZSHs",
    },
    Object {
      "online": true,
      "stashAccount": "13W8fgmJvTZ578FpeQZqVtnPt7YJYV8oF1yXA49LijG7kNaW",
    },
    Object {
      "online": true,
      "stashAccount": "14MQRooUhpmy6WNjpeXR3grZP229ihaxovGtSce1n3cm99uH",
    },
    Object {
      "online": true,
      "stashAccount": "12RVY2KvBCyBuKXNEpjqWVFaePhURwubBXqcyXKsEKdhhujG",
    },
    Object {
      "online": true,
      "stashAccount": "15fU523Wq5BCt2NWAmrCU6p8nFB29uVifeG7bwYJHbw5Mmd9",
    },
    Object {
      "online": true,
      "stashAccount": "16SxHe93PgkkfCHouc4mtCrzbirN1Ba8nCLHatNm66nXtEJH",
    },
    Object {
      "online": true,
      "stashAccount": "1588rgxKKhmVUDrfMHJFrW1yYcABdpQMYYComcemNfn6XVnK",
    },
    Object {
      "online": true,
      "stashAccount": "165JpxmCRi28GwbFAjjrD74FTfGdLfHi1LUGMaYLjziDvi4r",
    },
    Object {
      "online": true,
      "stashAccount": "16ZzMovSVVLU5oP2o5PwNG2ybbdT2diiKPAsz6J37myEGsDw",
    },
    Object {
      "online": true,
      "stashAccount": "16Asi8JS7rqSGwB4qSfT2Q1wAJwoa1czzrnRz8vqYn1yv6r4",
    },
    Object {
      "online": true,
      "stashAccount": "14Uu59k5VLBz3zLMaEe3LBcqRLfKw2VJu2D3krxTssREjDJc",
    },
    Object {
      "online": true,
      "stashAccount": "123VugBRFMqUEFviSYrG3ewdZ46ZmqxjmRaGY6BvakfdPVaG",
    },
    Object {
      "online": true,
      "stashAccount": "12ivLi4gPZTCLmkaq3CTVHggp7DYv9UW7H4APFnYepWcDaRm",
    },
    Object {
      "online": true,
      "stashAccount": "1zugca3sakAjzRV6XHNqb4aZUhSwTTm318o7spZytyu96qN",
    },
    Object {
      "online": true,
      "stashAccount": "145MeLV4uyei8H4H7Amb89uQW7y9reMAJkBYyQTXk6PCHnoW",
    },
    Object {
      "online": true,
      "stashAccount": "14Y4s6V1PWrwBLvxW47gcYgZCGTYekmmzvFsK1kiqNH2d84t",
    },
    Object {
      "online": true,
      "stashAccount": "15gDEmTcPwo76KueixWPzxgQ6sufgSs29XcYByfFYhT8cson",
    },
    Object {
      "online": true,
      "stashAccount": "162ryPjPQcidsUahCzvk5UsUGDboqCPT6JTduXiin8D81L4b",
    },
    Object {
      "online": true,
      "stashAccount": "1dGsgLgFez7gt5WjX2FYzNCJtaCjGG6W9dA42d9cHngDYGg",
    },
    Object {
      "online": true,
      "stashAccount": "14mJPqSXdh5cCWYyCfMTeakCCkF93RsK4VW5qD3EoQY9Ukhu",
    },
    Object {
      "online": true,
      "stashAccount": "129TM37DNpyJqtRYYimSMp8aQZ8QW7Jg3b4qtSrRqjgAChQf",
    },
    Object {
      "online": true,
      "stashAccount": "114SUbKCXjmb9czpWTtS3JANSmNRwVa4mmsMrWYpRG1kDH5",
    },
    Object {
      "online": true,
      "stashAccount": "123T8JG9KU7XJRAmX2tuEr2roDxZJSbpuZCDjnCe6CPr9NXJ",
    },
    Object {
      "online": true,
      "stashAccount": "16dFR1Gff5Z1EyuFMcX76sHnFJe5eDkSSmqtXwQFfHXwmevf",
    },
    Object {
      "online": true,
      "stashAccount": "12KwbBLGwJELJRuUhWY9tgewFJpDr8ZM1HyZoRWBijpirp1V",
    },
    Object {
      "online": true,
      "stashAccount": "12uWR6Lrq8GaiChf7B6GbbD3FVQ2jPNW3VckzFsxNUiE4qiR",
    },
    Object {
      "online": true,
      "stashAccount": "1zugcaaaDTLhG77kp7PBPpWiaUWTND9oKNcNM94StNStnuw",
    },
    Object {
      "online": true,
      "stashAccount": "14j7YcVqpfiZwbrPuwMfcKWuY176cKN1SMHVSZvT7yrfhbnt",
    },
    Object {
      "online": true,
      "stashAccount": "15ANfaUMadXk65NtRqzCKuhAiVSA47Ks6fZs8rUcRQX11pzM",
    },
    Object {
      "online": true,
      "stashAccount": "12eA9gosVR5Qa2hnibGZFNYSbxG3pafNeVGGi5eJQueautfX",
    },
    Object {
      "online": true,
      "stashAccount": "1RJP5i7zuyBLtgGTMCD9oF8zQMTQvfc4zpKNsVxfvTKdHmr",
    },
    Object {
      "online": true,
      "stashAccount": "15oTVrSsB9VU7EwvJ4WJ2QSb7ehfyWirbtVcTFcYd7PhpD1V",
    },
    Object {
      "online": true,
      "stashAccount": "129F1RvdcjiaceBwcYkX2CmP5xZbHvmD7D6SjQZEygi7rt2y",
    },
    Object {
      "online": true,
      "stashAccount": "12C9U6zSSoZ6pgwR2ksFyBLgQH6v7dkqqPCRyHceoP8MJRo2",
    },
    Object {
      "online": true,
      "stashAccount": "1F7Xgr5VM5RiYmkCxS1xWH6GbcBgSA5Jpq1H6XpXnxFJ5KH",
    },
    Object {
      "online": true,
      "stashAccount": "14UnU9iNpaunKPyPPQc2ckDQP84UPsndbhHURK77iKPrdbKj",
    },
    Object {
      "online": true,
      "stashAccount": "16m2tFu3YgZjHMi73LRabsAuwTGTxS8KHwHVc7SpMMWzTeij",
    },
    Object {
      "online": true,
      "stashAccount": "15FdawBwokuor5wzU2DAU2Cp8i9DwRS1HTNgTNDAbcXuAEXH",
    },
    Object {
      "online": true,
      "stashAccount": "12YP2b7L7gcHabZqE7vJMyF9eSZA9W68gnvb8BzTYx4MUxRo",
    },
    Object {
      "online": true,
      "stashAccount": "1zugcavJYzi2KErZy9CMbLANhfrFwMESgPz9q29eUCR5gTW",
    },
    Object {
      "online": true,
      "stashAccount": "12713bbq45c66CN9AD7yusSXWE1kY91DcMpjVcB2rXqZKy2w",
    },
    Object {
      "online": true,
      "stashAccount": "128xoAmYDMLixg9Dv4sQz3vJnG94Jt1s2hp37PR8CQZMMMfp",
    },
    Object {
      "online": true,
      "stashAccount": "12ECDEb18Wiy4MoLn3NTM5zhJfDfpS4mLNvjHpcEr8ogGrMZ",
    },
    Object {
      "online": true,
      "stashAccount": "13gJhYAWEuZomHsp7nBushCwqizG5ZPXoNZ2Z9hP5dynmcnJ",
    },
    Object {
      "online": true,
      "stashAccount": "14AkAFBzukRhAFh1wyko1ZoNWnUyq7bY1XbjeTeCHimCzPU1",
    },
    Object {
      "online": true,
      "stashAccount": "165LPQijvZdnmxcuCfxGWvcoSVtoJnCFm1UjjijzsSGGAk22",
    },
    Object {
      "online": true,
      "stashAccount": "149D7msqAy9yjFC5msZmow4nLDvJqs5LSmtjLPwGmtY2Hso5",
    },
    Object {
      "online": true,
      "stashAccount": "14g5HTJmicBMfquLVG2qutjbEUn7Bgy2LbAKbc7b65GJ7Qpj",
    },
    Object {
      "online": true,
      "stashAccount": "1Ew5wAsMtvbRdd4RdxSheLpEkSRc718gtcfTv8EmgzEbknA",
    },
    Object {
      "online": true,
      "stashAccount": "16i8gNQVRRSdraEbFAbgRGBZdrCgeAeyersrGfqmB2kT3rj",
    },
    Object {
      "online": true,
      "stashAccount": "1mfish4PrtARqb7UFRkeSMgQiQaijfUw5Zn8JKqB3yAdUbB",
    },
    Object {
      "online": true,
      "stashAccount": "12YSiadprZnnb2wb24vKJ2iUUenXwPupqmPnj6S9MzGGmxBx",
    },
    Object {
      "online": true,
      "stashAccount": "1zugca8p9rquswKkHtVKmzR6Z8R9PAmj8MGL1x3HArdAp1J",
    },
    Object {
      "online": true,
      "stashAccount": "1KmtAWkiVGRdMB9mBV6JVAcRw7ce8tZKY3L5ZH7uTNK4yMx",
    },
    Object {
      "online": true,
      "stashAccount": "12rgiL4r56kPE4PuYmz8snR21isfbrcp5Vbf8VdJe2AWDuus",
    },
    Object {
      "online": true,
      "stashAccount": "13idDU1EZyPTA1Y57tN9grzmLfQm4TEbvc98QErRbQuZyRVu",
    },
    Object {
      "online": true,
      "stashAccount": "14N5GT7YTaDBSsLpfxxtCxNdYfgDofGj5wQSfqC1URKHdT8C",
    },
    Object {
      "online": true,
      "stashAccount": "1nr9CzVdvbEuDbuUwFyEQxSUNZSuZPATDd9XYFVxMn2WraR",
    },
    Object {
      "online": true,
      "stashAccount": "15qomv8YFTpHrbiJKicP4oXfxRDyG4XEHZH7jdfJScnw2xnV",
    },
    Object {
      "online": true,
      "stashAccount": "14Q1ZF3JnjMQkxgepZz6cw2ShLuhXqVqpPM3xoyXEeY7WzsC",
    },
    Object {
      "online": true,
      "stashAccount": "149BcHWnp6cMNSgPUwLjhSVrMZBs4pqVQyS95uz7RP1ztPtB",
    },
    Object {
      "online": true,
      "stashAccount": "13NdA4Hj19az5XEV8hGLW5ZpwstHwyNJaZtu7U4jJPpNp8dG",
    },
    Object {
      "online": true,
      "stashAccount": "12wtfs4UfodYT1Y6y8NQsQaduLSJbhz7oaNt1F6gTLFHD1y5",
    },
    Object {
      "online": true,
      "stashAccount": "14jEKY7heqiCJmW9U8771EA9bTBJbxa6GsAhb2EiH7FomhKV",
    },
    Object {
      "online": true,
      "stashAccount": "1f2DsQEB4jAs7KqmKz2TAfHf2j13LXxxKjpSHPTvypSjssb",
    },
    Object {
      "online": true,
      "stashAccount": "13bEAraR65YASSynHhGNrsEyPgWfcLLYdgYV6GmeB6bbUeeg",
    },
    Object {
      "online": true,
      "stashAccount": "15SBhxZo6vtsCByTancARYT62UHdsxfv32szGu66NCDzdczJ",
    },
    Object {
      "online": true,
      "stashAccount": "1CHpqr1UKm8MAZZgViAvzombX2AgpQbDf7vJy864FQa55nk",
    },
    Object {
      "online": true,
      "stashAccount": "16LqQSto6QrpmKgqXWqc8HvpGvcY5tzo6wqQy97q7qQkKF3E",
    },
    Object {
      "online": true,
      "stashAccount": "13wxjPuajyJrHcBabsgoD7oqL1mJhFVWjeXFxEvMbSBY9xn9",
    },
    Object {
      "online": true,
      "stashAccount": "12KDtuktAqh4zeyWHJyZ6W531ceZqLmDUBuQEu4KeaGNnVHu",
    },
    Object {
      "online": true,
      "stashAccount": "13iTiojfEzSXLprKzvE7Sdmg8gtUD2S2Am2Xv61xrtmDHcvJ",
    },
    Object {
      "online": true,
      "stashAccount": "14gPzp8GA6u3vSiFR7JMyak5z7tjzwA4vL6dwBj8ZhACR8NX",
    },
    Object {
      "online": true,
      "stashAccount": "13itjxnLHTbTDF8wM4gvZihjL4Gx33kYFfCXApF6gaZTBozH",
    },
    Object {
      "online": true,
      "stashAccount": "13rvhBRU2Hmnk68AVn5igNnaBU91MG38SHMB9Bo3r8p8vsWa",
    },
    Object {
      "online": true,
      "stashAccount": "147yLfqt3aaGeuT6LCBtnpBhsqDpwD8vf8AB6vC4CS5U8ZYd",
    },
    Object {
      "online": true,
      "stashAccount": "1gpCRov55rqmNaoEVRNAUCCYVzSGghitLNabng8UHVGwv1g",
    },
    Object {
      "online": true,
      "stashAccount": "12DsYUto9AcKA4kRz1yLcGh13CTLe7LbUjDkMS8ZY8rCK4rn",
    },
    Object {
      "online": true,
      "stashAccount": "14N5nJ4oR4Wj36DsBcPLh1JqjvrM2Uf23No2yc2ojjCvSC24",
    },
    Object {
      "online": true,
      "stashAccount": "163BmbjpXzPyzQWhFBW2ghLT1gErMTiuFdR5NQEADybDTrAR",
    },
    Object {
      "online": true,
      "stashAccount": "15rQD4ykz4uRD7YGdTpMT8UmgkNDJRKckZbAocALndBVzCjf",
    },
    Object {
      "online": true,
      "stashAccount": "1bwZeqrfVQU69WgDg4exZoLp7abmfgP7btcMnfijCyX9zvT",
    },
    Object {
      "online": true,
      "stashAccount": "16kudAMmCPELNwV4Lh7JRhiQHu9AhGxLDwjChCXRrA7VhaFk",
    },
    Object {
      "online": true,
      "stashAccount": "15uBfpvbPWSUaiLjrgT3H389axNwLkduKA3GB88C1fqbWLpz",
    },
    Object {
      "online": true,
      "stashAccount": "1FDjr74RUwB2syVjqNWbTCfPzy8VwxktvNsaYMmMaivRU2A",
    },
    Object {
      "online": true,
      "stashAccount": "16AwfzpzDpz4V8ikgvgqmgdBoAfrS3LJY1fwGuq8aiKX4ZaZ",
    },
    Object {
      "online": true,
      "stashAccount": "13nxBM9AFRKUmmUkUo8D9eGoZeJJ5XPiJ3eCtMixcHdyXGbk",
    },
    Object {
      "online": true,
      "stashAccount": "12HFymxpDmi4XXPHaEMp74CNpRhkqwG5qxnrgikkhon1XMrj",
    },
    Object {
      "online": true,
      "stashAccount": "15BQUqtqhmqJPyvvEH5GYyWffXWKuAgoSUHuG1UeNdb8oDNT",
    },
    Object {
      "online": true,
      "stashAccount": "12doHFjPjPngNvZCWX4WeF4rkLFJ5LmmEyDvPGQ2C1aPppwy",
    },
    Object {
      "online": true,
      "stashAccount": "1FMDRUZrvv16FeozpSE2hRpJ5GHrU7VsdeNmATyFgeDbudE",
    },
  ],
}
`;
